<html>
<body>
<pre>
<h1>µVision Build Log</h1>
<h2>Project:</h2>
C:\Users\Jenn\Desktop\C_Start\project.uvproj
Project File Date:  06/13/2014

<h2>Output:</h2>
Build target 'project'
compiling project.c...
linking...
Program Size: Code=740 RO-data=16 RW-data=0 ZI-data=256  
After Build - User command #1: fromelf --bin --output .\rvmdk\project.bin .\rvmdk\project.axf
".\rvmdk\project.axf" - 0 Error(s), 0 Warning(s).
</pre>
</body>
</html>
oject.axf" 
Connecting: Mode=JTAG, Speed=1000000Hz
Erase Done.
Programming Done.
Verify OK.
Load "C:\\Users\\Jenn\\Desktop\\C_Start\\rvmdk\\project.axf" 
Connecting: Mode=JTAG, Speed=1000000Hz
Erase Done.
Programming Done.
Verify OK.
