<html>
<body>
<pre>
<h1>µVision Build Log</h1>
<h2>Project:</h2>
\\homedir.mtu.edu\home\Desktop\Github\ee3171\labs\lab4\C_Start\project.uvproj
Project File Date:  07/19/2016

<h2>Output:</h2>
Build target 'project'
compiling project.c...
linking...
Program Size: Code=744 RO-data=16 RW-data=0 ZI-data=256  
After Build - User command #1: fromelf --bin --output .\rvmdk\project.bin .\rvmdk\project.axf
".\rvmdk\project.axf" - 0 Errors, 0 Warning(s).
Build target 'project'
compiling project.c...
project.c(103): error:  #40: expected an identifier
project.c(103): error:  #18: expected a ")"
project.c(103): error:  #65: expected a ";"
project.c(104): error:  #40: expected an identifier
project.c(104): error:  #18: expected a ")"
project.c(104): error:  #65: expected a ";"
project.c(105): error:  #40: expected an identifier
project.c(105): error:  #18: expected a ")"
project.c(105): error:  #65: expected a ";"
project.c(108): error:  #40: expected an identifier
project.c(108): error:  #18: expected a ")"
project.c(108): error:  #65: expected a ";"
project.c(109): error:  #40: expected an identifier
project.c(109): error:  #18: expected a ")"
project.c(109): error:  #65: expected a ";"
project.c(110): error:  #40: expected an identifier
project.c(110): error:  #18: expected a ")"
project.c(110): error:  #65: expected a ";"
project.c(111): error:  #77-D: this declaration has no storage class or type specifier
project.c(111): error:  #65: expected a ";"
After Build - User command #1: fromelf --bin --output .\rvmdk\project.bin .\rvmdk\project.axf
".\rvmdk\project.axf" - 20 Errors, 0 Warning(s).
Target not created
Build target 'project'
compiling project.c...
linking...
Program Size: Code=744 RO-data=16 RW-data=0 ZI-data=256  
After Build - User command #1: fromelf --bin --output .\rvmdk\project.bin .\rvmdk\project.axf
".\rvmdk\project.axf" - 0 Errors, 0 Warning(s).
Build target 'project'
compiling project.c...
linking...
Program Size: Code=836 RO-data=16 RW-data=0 ZI-data=256  
After Build - User command #1: fromelf --bin --output .\rvmdk\project.bin .\rvmdk\project.axf
".\rvmdk\project.axf" - 0 Errors, 0 Warning(s).
Build target 'project'
compiling project.c...
linking...
Program Size: Code=836 RO-data=16 RW-data=0 ZI-data=256  
After Build - User command #1: fromelf --bin --output .\rvmdk\project.bin .\rvmdk\project.axf
".\rvmdk\project.axf" - 0 Errors, 0 Warning(s).
Build target 'project'
compiling project.c...
linking...
Program Size: Code=844 RO-data=16 RW-data=0 ZI-data=256  
After Build - User command #1: fromelf --bin --output .\rvmdk\project.bin .\rvmdk\project.axf
".\rvmdk\project.axf" - 0 Errors, 0 Warning(s).
