<html>
<body>
<pre>
<h1>µVision Build Log</h1>
<h2>Project:</h2>
H:\Desktop\Github\ee3171\labs\lab4\C_Start\project.uvproj
Project File Date:  07/19/2016

<h2>Output:</h2>
Build target 'project'
compiling project.c...
project.c(113): error:  #65: expected a ";"
project.c(117): warning:  #111-D: statement is unreachable
After Build - User command #1: fromelf --bin --output .\rvmdk\project.bin .\rvmdk\project.axf
".\rvmdk\project.axf" - 1 Errors, 1 Warning(s).
Target not created
Build target 'project'
compiling project.c...
project.c(113): error:  #65: expected a ";"
project.c(116): warning:  #111-D: statement is unreachable
After Build - User command #1: fromelf --bin --output .\rvmdk\project.bin .\rvmdk\project.axf
".\rvmdk\project.axf" - 1 Errors, 1 Warning(s).
Target not created
Rebuild target 'project'
compiling project.c...
project.c(116): warning:  #111-D: statement is unreachable
assembling startup_rvmdk.S...
linking...
Program Size: Code=760 RO-data=16 RW-data=0 ZI-data=256  
After Build - User command #1: fromelf --bin --output .\rvmdk\project.bin .\rvmdk\project.axf
".\rvmdk\project.axf" - 0 Errors, 1 Warning(s).
Build target 'project'
linking...
Program Size: Code=760 RO-data=16 RW-data=0 ZI-data=256  
After Build - User command #1: fromelf --bin --output .\rvmdk\project.bin .\rvmdk\project.axf
".\rvmdk\project.axf" - 0 Errors, 0 Warning(s).
Load "H:\\Desktop\\Github\\ee3171\\labs\\lab4\\C_Start\\rvmdk\\project.axf" 
Connecting: Mode=JTAG, Speed=1000000Hz
Erase Done.
Programming Done.
Verify OK.
Build target 'project'
compiling project.c...
project.c(117): warning:  #111-D: statement is unreachable
linking...
Program Size: Code=864 RO-data=16 RW-data=0 ZI-data=256  
After Build - User command #1: fromelf --bin --output .\rvmdk\project.bin .\rvmdk\project.axf
".\rvmdk\project.axf" - 0 Errors, 1 Warning(s).
Load "H:\\Desktop\\Github\\ee3171\\labs\\lab4\\C_Start\\rvmdk\\project.axf" 
Connecting: Mode=JTAG, Speed=1000000Hz
Erase Done.
Programming Done.
Verify OK.
Build target 'project'
compiling project.c...
project.c(129): warning:  #111-D: statement is unreachable
linking...
Program Size: Code=856 RO-data=16 RW-data=0 ZI-data=256  
After Build - User command #1: fromelf --bin --output .\rvmdk\project.bin .\rvmdk\project.axf
".\rvmdk\project.axf" - 0 Errors, 1 Warning(s).
Load "H:\\Desktop\\Github\\ee3171\\labs\\lab4\\C_Start\\rvmdk\\project.axf" 
Connecting: Mode=JTAG, Speed=1000000Hz
Erase Done.
Programming Done.
Verify OK.
Build target 'project'
linking...
Program Size: Code=856 RO-data=16 RW-data=0 ZI-data=256  
After Build - User command #1: fromelf --bin --output .\rvmdk\project.bin .\rvmdk\project.axf
".\rvmdk\project.axf" - 0 Errors, 0 Warning(s).
Build target 'project'
linking...
Program Size: Code=856 RO-data=16 RW-data=0 ZI-data=256  
After Build - User command #1: fromelf --bin --output .\rvmdk\project.bin .\rvmdk\project.axf
".\rvmdk\project.axf" - 0 Errors, 0 Warning(s).
Build target 'project'
linking...
Program Size: Code=856 RO-data=16 RW-data=0 ZI-data=256  
After Build - User command #1: fromelf --bin --output .\rvmdk\project.bin .\rvmdk\project.axf
".\rvmdk\project.axf" - 0 Errors, 0 Warning(s).
Load "H:\\Desktop\\Github\\ee3171\\labs\\lab4\\C_Start\\rvmdk\\project.axf" 
Connecting: Mode=JTAG, Speed=1000000Hz
Erase Done.
Programming Done.
Verify OK.
Build target 'project'
compiling project.c...
project.c(129): warning:  #111-D: statement is unreachable
linking...
Program Size: Code=856 RO-data=16 RW-data=0 ZI-data=256  
After Build - User command #1: fromelf --bin --output .\rvmdk\project.bin .\rvmdk\project.axf
".\rvmdk\project.axf" - 0 Errors, 1 Warning(s).
Load "H:\\Desktop\\Github\\ee3171\\labs\\lab4\\C_Start\\rvmdk\\project.axf" 
Connecting: Mode=JTAG, Speed=1000000Hz
Erase Done.
Programming Done.
Verify OK.
Build target 'project'
compiling project.c...
project.c(129): warning:  #111-D: statement is unreachable
linking...
Program Size: Code=860 RO-data=16 RW-data=0 ZI-data=256  
After Build - User command #1: fromelf --bin --output .\rvmdk\project.bin .\rvmdk\project.axf
".\rvmdk\project.axf" - 0 Errors, 1 Warning(s).
Load "H:\\Desktop\\Github\\ee3171\\labs\\lab4\\C_Start\\rvmdk\\project.axf" 
Connecting: Mode=JTAG, Speed=1000000Hz
Erase Done.
Programming Done.
Verify OK.
Build target 'project'
compiling project.c...
project.c(119): warning:  #111-D: statement is unreachable
linking...
Program Size: Code=864 RO-data=16 RW-data=0 ZI-data=256  
After Build - User command #1: fromelf --bin --output .\rvmdk\project.bin .\rvmdk\project.axf
".\rvmdk\project.axf" - 0 Errors, 1 Warning(s).
Load "H:\\Desktop\\Github\\ee3171\\labs\\lab4\\C_Start\\rvmdk\\project.axf" 
Connecting: Mode=JTAG, Speed=1000000Hz
Erase Done.
Programming Done.
Verify OK.
Build target 'project'
compiling project.c...
project.c(122): warning:  #111-D: statement is unreachable
linking...
Program Size: Code=876 RO-data=16 RW-data=0 ZI-data=256  
After Build - User command #1: fromelf --bin --output .\rvmdk\project.bin .\rvmdk\project.axf
".\rvmdk\project.axf" - 0 Errors, 1 Warning(s).
Build target 'project'
compiling project.c...
project.c(122): warning:  #111-D: statement is unreachable
linking...
Program Size: Code=876 RO-data=16 RW-data=0 ZI-data=256  
After Build - User command #1: fromelf --bin --output .\rvmdk\project.bin .\rvmdk\project.axf
".\rvmdk\project.axf" - 0 Errors, 1 Warning(s).
Build target 'project'
compiling project.c...
project.c(120): warning:  #111-D: statement is unreachable
linking...
Program Size: Code=876 RO-data=16 RW-data=0 ZI-data=256  
After Build - User command #1: fromelf --bin --output .\rvmdk\project.bin .\rvmdk\project.axf
".\rvmdk\project.axf" - 0 Errors, 1 Warning(s).
Load "H:\\Desktop\\Github\\ee3171\\labs\\lab4\\C_Start\\rvmdk\\project.axf" 
Connecting: Mode=JTAG, Speed=1000000Hz
Erase Done.
Programming Done.
Verify OK.
Build target 'project'
compiling project.c...
project.c(118): warning:  #111-D: statement is unreachable
linking...
Program Size: Code=864 RO-data=16 RW-data=0 ZI-data=256  
After Build - User command #1: fromelf --bin --output .\rvmdk\project.bin .\rvmdk\project.axf
".\rvmdk\project.axf" - 0 Errors, 1 Warning(s).
Build target 'project'
compiling project.c...
project.c(116): warning:  #111-D: statement is unreachable
linking...
Program Size: Code=864 RO-data=16 RW-data=0 ZI-data=256  
After Build - User command #1: fromelf --bin --output .\rvmdk\project.bin .\rvmdk\project.axf
".\rvmdk\project.axf" - 0 Errors, 1 Warning(s).
Load "H:\\Desktop\\Github\\ee3171\\labs\\lab4\\C_Start\\rvmdk\\project.axf" 
Connecting: Mode=JTAG, Speed=1000000Hz
Erase Done.
Programming Done.
Verify OK.
Build target 'project'
compiling project.c...
project.c(116): warning:  #111-D: statement is unreachable
linking...
Program Size: Code=868 RO-data=16 RW-data=0 ZI-data=256  
After Build - User command #1: fromelf --bin --output .\rvmdk\project.bin .\rvmdk\project.axf
".\rvmdk\project.axf" - 0 Errors, 1 Warning(s).
Load "H:\\Desktop\\Github\\ee3171\\labs\\lab4\\C_Start\\rvmdk\\project.axf" 
Connecting: Mode=JTAG, Speed=1000000Hz
Erase Done.
Programming Done.
Verify OK.
Build target 'project'
compiling project.c...
project.c(127): warning:  #111-D: statement is unreachable
linking...
Program Size: Code=860 RO-data=16 RW-data=0 ZI-data=256  
After Build - User command #1: fromelf --bin --output .\rvmdk\project.bin .\rvmdk\project.axf
".\rvmdk\project.axf" - 0 Errors, 1 Warning(s).
Build target 'project'
compiling project.c...
project.c(127): warning:  #111-D: statement is unreachable
linking...
Program Size: Code=856 RO-data=16 RW-data=0 ZI-data=256  
After Build - User command #1: fromelf --bin --output .\rvmdk\project.bin .\rvmdk\project.axf
".\rvmdk\project.axf" - 0 Errors, 1 Warning(s).
Load "H:\\Desktop\\Github\\ee3171\\labs\\lab4\\C_Start\\rvmdk\\project.axf" 
Connecting: Mode=JTAG, Speed=1000000Hz
Erase Done.
Programming Done.
Verify OK.
Build target 'project'
compiling project.c...
project.c(127): warning:  #111-D: statement is unreachable
linking...
Program Size: Code=856 RO-data=16 RW-data=0 ZI-data=256  
After Build - User command #1: fromelf --bin --output .\rvmdk\project.bin .\rvmdk\project.axf
".\rvmdk\project.axf" - 0 Errors, 1 Warning(s).
Load "H:\\Desktop\\Github\\ee3171\\labs\\lab4\\C_Start\\rvmdk\\project.axf" 
Connecting: Mode=JTAG, Speed=1000000Hz
Erase Done.
Programming Done.
Verify OK.
Build target 'project'
compiling project.c...
project.c(127): warning:  #111-D: statement is unreachable
linking...
Program Size: Code=856 RO-data=16 RW-data=0 ZI-data=256  
After Build - User command #1: fromelf --bin --output .\rvmdk\project.bin .\rvmdk\project.axf
".\rvmdk\project.axf" - 0 Errors, 1 Warning(s).
Build target 'project'
compiling project.c...
project.c(127): warning:  #111-D: statement is unreachable
linking...
Program Size: Code=848 RO-data=16 RW-data=0 ZI-data=256  
After Build - User command #1: fromelf --bin --output .\rvmdk\project.bin .\rvmdk\project.axf
".\rvmdk\project.axf" - 0 Errors, 1 Warning(s).
Load "H:\\Desktop\\Github\\ee3171\\labs\\lab4\\C_Start\\rvmdk\\project.axf" 
Connecting: Mode=JTAG, Speed=1000000Hz
Erase Done.
Programming Done.
Verify OK.
Build target 'project'
compiling project.c...
project.c(127): warning:  #111-D: statement is unreachable
linking...
Program Size: Code=856 RO-data=16 RW-data=0 ZI-data=256  
After Build - User command #1: fromelf --bin --output .\rvmdk\project.bin .\rvmdk\project.axf
".\rvmdk\project.axf" - 0 Errors, 1 Warning(s).
Load "H:\\Desktop\\Github\\ee3171\\labs\\lab4\\C_Start\\rvmdk\\project.axf" 
Connecting: Mode=JTAG, Speed=1000000Hz
Erase Done.
Programming Done.
Verify OK.
Build target 'project'
compiling project.c...
project.c(128): warning:  #111-D: statement is unreachable
linking...
Program Size: Code=856 RO-data=16 RW-data=0 ZI-data=256  
After Build - User command #1: fromelf --bin --output .\rvmdk\project.bin .\rvmdk\project.axf
".\rvmdk\project.axf" - 0 Errors, 1 Warning(s).
Build target 'project'
compiling project.c...
project.c(124): error:  #20: identifier "i" is undefined
project.c(128): warning:  #111-D: statement is unreachable
After Build - User command #1: fromelf --bin --output .\rvmdk\project.bin .\rvmdk\project.axf
".\rvmdk\project.axf" - 1 Errors, 1 Warning(s).
Target not created
Build target 'project'
compiling project.c...
project.c(124): error:  #20: identifier "i" is undefined
project.c(128): warning:  #111-D: statement is unreachable
After Build - User command #1: fromelf --bin --output .\rvmdk\project.bin .\rvmdk\project.axf
".\rvmdk\project.axf" - 1 Errors, 1 Warning(s).
Target not created
Build target 'project'
compiling project.c...
project.c(130): warning:  #111-D: statement is unreachable
linking...
Program Size: Code=880 RO-data=32 RW-data=8 ZI-data=256  
After Build - User command #1: fromelf --bin --output .\rvmdk\project.bin .\rvmdk\project.axf
".\rvmdk\project.axf" - 0 Errors, 1 Warning(s).
Load "H:\\Desktop\\Github\\ee3171\\labs\\lab4\\C_Start\\rvmdk\\project.axf" 
Connecting: Mode=JTAG, Speed=1000000Hz
Erase Done.
Programming Done.
Verify OK.
Build target 'project'
compiling project.c...
project.c(131): warning:  #111-D: statement is unreachable
linking...
Program Size: Code=864 RO-data=32 RW-data=4 ZI-data=260  
After Build - User command #1: fromelf --bin --output .\rvmdk\project.bin .\rvmdk\project.axf
".\rvmdk\project.axf" - 0 Errors, 1 Warning(s).
Load "H:\\Desktop\\Github\\ee3171\\labs\\lab4\\C_Start\\rvmdk\\project.axf" 
Connecting: Mode=JTAG, Speed=1000000Hz
Erase Done.
Programming Done.
Verify OK.
Build target 'project'
compiling project.c...
project.c(129): warning:  #111-D: statement is unreachable
linking...
Program Size: Code=880 RO-data=32 RW-data=8 ZI-data=256  
After Build - User command #1: fromelf --bin --output .\rvmdk\project.bin .\rvmdk\project.axf
".\rvmdk\project.axf" - 0 Errors, 1 Warning(s).
Load "H:\\Desktop\\Github\\ee3171\\labs\\lab4\\C_Start\\rvmdk\\project.axf" 
Connecting: Mode=JTAG, Speed=1000000Hz
Erase Done.
Programming Done.
Verify OK.
Build target 'project'
compiling project.c...
project.c(128): warning:  #111-D: statement is unreachable
linking...
Program Size: Code=840 RO-data=16 RW-data=0 ZI-data=256  
After Build - User command #1: fromelf --bin --output .\rvmdk\project.bin .\rvmdk\project.axf
".\rvmdk\project.axf" - 0 Errors, 1 Warning(s).
Load "H:\\Desktop\\Github\\ee3171\\labs\\lab4\\C_Start\\rvmdk\\project.axf" 
Connecting: Mode=JTAG, Speed=1000000Hz
Erase Done.
Programming Done.
Verify OK.
Build target 'project'
compiling project.c...
project.c(128): warning:  #111-D: statement is unreachable
linking...
Program Size: Code=836 RO-data=16 RW-data=0 ZI-data=256  
After Build - User command #1: fromelf --bin --output .\rvmdk\project.bin .\rvmdk\project.axf
".\rvmdk\project.axf" - 0 Errors, 1 Warning(s).
Build target 'project'
compiling project.c...
project.c(128): warning:  #111-D: statement is unreachable
linking...
Program Size: Code=844 RO-data=16 RW-data=0 ZI-data=256  
After Build - User command #1: fromelf --bin --output .\rvmdk\project.bin .\rvmdk\project.axf
".\rvmdk\project.axf" - 0 Errors, 1 Warning(s).
Load "H:\\Desktop\\Github\\ee3171\\labs\\lab4\\C_Start\\rvmdk\\project.axf" 
Connecting: Mode=JTAG, Speed=1000000Hz
Erase Done.
Programming Done.
Verify OK.
Build target 'project'
compiling project.c...
project.c(128): warning:  #111-D: statement is unreachable
linking...
Program Size: Code=856 RO-data=16 RW-data=0 ZI-data=256  
After Build - User command #1: fromelf --bin --output .\rvmdk\project.bin .\rvmdk\project.axf
".\rvmdk\project.axf" - 0 Errors, 1 Warning(s).
Load "H:\\Desktop\\Github\\ee3171\\labs\\lab4\\C_Start\\rvmdk\\project.axf" 
Connecting: Mode=JTAG, Speed=1000000Hz
Erase Done.
Programming Done.
Verify OK.
Build target 'project'
compiling project.c...
project.c(128): warning:  #111-D: statement is unreachable
linking...
Program Size: Code=856 RO-data=16 RW-data=0 ZI-data=256  
After Build - User command #1: fromelf --bin --output .\rvmdk\project.bin .\rvmdk\project.axf
".\rvmdk\project.axf" - 0 Errors, 1 Warning(s).
Build target 'project'
compiling project.c...
project.c(128): warning:  #111-D: statement is unreachable
linking...
Program Size: Code=856 RO-data=16 RW-data=0 ZI-data=256  
After Build - User command #1: fromelf --bin --output .\rvmdk\project.bin .\rvmdk\project.axf
".\rvmdk\project.axf" - 0 Errors, 1 Warning(s).
Load "H:\\Desktop\\Github\\ee3171\\labs\\lab4\\C_Start\\rvmdk\\project.axf" 
Connecting: Mode=JTAG, Speed=1000000Hz
Erase Done.
Programming Done.
Verify OK.
Build target 'project'
compiling project.c...
project.c(165): warning:  #111-D: statement is unreachable
linking...
Program Size: Code=1112 RO-data=32 RW-data=8 ZI-data=256  
After Build - User command #1: fromelf --bin --output .\rvmdk\project.bin .\rvmdk\project.axf
".\rvmdk\project.axf" - 0 Errors, 1 Warning(s).
Load "H:\\Desktop\\Github\\ee3171\\labs\\lab4\\C_Start\\rvmdk\\project.axf" 
Connecting: Mode=JTAG, Speed=1000000Hz
Erase Done.
Programming Done.
Verify OK.
Build target 'project'
compiling project.c...
project.c(165): warning:  #111-D: statement is unreachable
linking...
Program Size: Code=1112 RO-data=32 RW-data=8 ZI-data=256  
After Build - User command #1: fromelf --bin --output .\rvmdk\project.bin .\rvmdk\project.axf
".\rvmdk\project.axf" - 0 Errors, 1 Warning(s).
Build target 'project'
compiling project.c...
project.c(173): warning:  #111-D: statement is unreachable
linking...
Program Size: Code=1144 RO-data=32 RW-data=8 ZI-data=256  
After Build - User command #1: fromelf --bin --output .\rvmdk\project.bin .\rvmdk\project.axf
".\rvmdk\project.axf" - 0 Errors, 1 Warning(s).
Build target 'project'
compiling project.c...
project.c(175): warning:  #111-D: statement is unreachable
linking...
Program Size: Code=1160 RO-data=32 RW-data=8 ZI-data=256  
After Build - User command #1: fromelf --bin --output .\rvmdk\project.bin .\rvmdk\project.axf
".\rvmdk\project.axf" - 0 Errors, 1 Warning(s).
Build target 'project'
compiling project.c...
project.c(186): warning:  #111-D: statement is unreachable
linking...
Program Size: Code=1204 RO-data=32 RW-data=8 ZI-data=256  
After Build - User command #1: fromelf --bin --output .\rvmdk\project.bin .\rvmdk\project.axf
".\rvmdk\project.axf" - 0 Errors, 1 Warning(s).
Load "H:\\Desktop\\Github\\ee3171\\labs\\lab4\\C_Start\\rvmdk\\project.axf" 
Connecting: Mode=JTAG, Speed=1000000Hz
Erase Done.
Programming Done.
Verify OK.
Build target 'project'
compiling project.c...
project.c(186): warning:  #111-D: statement is unreachable
linking...
Program Size: Code=1204 RO-data=32 RW-data=8 ZI-data=256  
After Build - User command #1: fromelf --bin --output .\rvmdk\project.bin .\rvmdk\project.axf
".\rvmdk\project.axf" - 0 Errors, 1 Warning(s).
Load "H:\\Desktop\\Github\\ee3171\\labs\\lab4\\C_Start\\rvmdk\\project.axf" 
Connecting: Mode=JTAG, Speed=1000000Hz
Erase Done.
Programming Done.
Verify OK.
Build target 'project'
compiling project.c...
project.c(186): warning:  #111-D: statement is unreachable
linking...
Program Size: Code=1204 RO-data=32 RW-data=8 ZI-data=256  
After Build - User command #1: fromelf --bin --output .\rvmdk\project.bin .\rvmdk\project.axf
".\rvmdk\project.axf" - 0 Errors, 1 Warning(s).
Load "H:\\Desktop\\Github\\ee3171\\labs\\lab4\\C_Start\\rvmdk\\project.axf" 
Connecting: Mode=JTAG, Speed=1000000Hz
Erase Done.
Programming Done.
Verify OK.
Build target 'project'
compiling project.c...
project.c(186): warning:  #111-D: statement is unreachable
linking...
Program Size: Code=1204 RO-data=32 RW-data=8 ZI-data=256  
After Build - User command #1: fromelf --bin --output .\rvmdk\project.bin .\rvmdk\project.axf
".\rvmdk\project.axf" - 0 Errors, 1 Warning(s).
Load "H:\\Desktop\\Github\\ee3171\\labs\\lab4\\C_Start\\rvmdk\\project.axf" 
Connecting: Mode=JTAG, Speed=1000000Hz
Erase Done.
Programming Done.
Verify OK.
Build target 'project'
compiling project.c...
project.c(186): warning:  #111-D: statement is unreachable
linking...
Program Size: Code=1208 RO-data=32 RW-data=8 ZI-data=256  
After Build - User command #1: fromelf --bin --output .\rvmdk\project.bin .\rvmdk\project.axf
".\rvmdk\project.axf" - 0 Errors, 1 Warning(s).
Load "H:\\Desktop\\Github\\ee3171\\labs\\lab4\\C_Start\\rvmdk\\project.axf" 
Connecting: Mode=JTAG, Speed=1000000Hz
Erase Done.
Programming Done.
Verify OK.
Build target 'project'
compiling project.c...
project.c(126): error:  #20: identifier "GPIO_PORTD_DATA" is undefined
project.c(194): warning:  #111-D: statement is unreachable
After Build - User command #1: fromelf --bin --output .\rvmdk\project.bin .\rvmdk\project.axf
".\rvmdk\project.axf" - 1 Errors, 1 Warning(s).
Target not created
Build target 'project'
compiling project.c...
project.c(194): warning:  #111-D: statement is unreachable
linking...
Program Size: Code=1228 RO-data=32 RW-data=12 ZI-data=260  
After Build - User command #1: fromelf --bin --output .\rvmdk\project.bin .\rvmdk\project.axf
".\rvmdk\project.axf" - 0 Errors, 1 Warning(s).
Build target 'project'
compiling project.c...
project.c(194): warning:  #111-D: statement is unreachable
linking...
Program Size: Code=1224 RO-data=32 RW-data=12 ZI-data=260  
After Build - User command #1: fromelf --bin --output .\rvmdk\project.bin .\rvmdk\project.axf
".\rvmdk\project.axf" - 0 Errors, 1 Warning(s).
Load "H:\\Desktop\\Github\\ee3171\\labs\\lab4\\C_Start\\rvmdk\\project.axf" 
Connecting: Mode=JTAG, Speed=1000000Hz
Erase Done.
Programming Done.
Verify OK.
Build target 'project'
compiling project.c...
project.c(194): warning:  #111-D: statement is unreachable
linking...
Program Size: Code=1224 RO-data=32 RW-data=12 ZI-data=260  
After Build - User command #1: fromelf --bin --output .\rvmdk\project.bin .\rvmdk\project.axf
".\rvmdk\project.axf" - 0 Errors, 1 Warning(s).
Load "H:\\Desktop\\Github\\ee3171\\labs\\lab4\\C_Start\\rvmdk\\project.axf" 
Connecting: Mode=JTAG, Speed=1000000Hz
Erase Done.
Programming Done.
Verify OK.
Build target 'project'
compiling project.c...
project.c(194): warning:  #111-D: statement is unreachable
linking...
Program Size: Code=1232 RO-data=32 RW-data=12 ZI-data=260  
After Build - User command #1: fromelf --bin --output .\rvmdk\project.bin .\rvmdk\project.axf
".\rvmdk\project.axf" - 0 Errors, 1 Warning(s).
Load "H:\\Desktop\\Github\\ee3171\\labs\\lab4\\C_Start\\rvmdk\\project.axf" 
Connecting: Mode=JTAG, Speed=1000000Hz
Erase Done.
Programming Done.
Verify OK.
Build target 'project'
compiling project.c...
project.c(208): warning:  #111-D: statement is unreachable
linking...
Program Size: Code=1252 RO-data=32 RW-data=12 ZI-data=260  
After Build - User command #1: fromelf --bin --output .\rvmdk\project.bin .\rvmdk\project.axf
".\rvmdk\project.axf" - 0 Errors, 1 Warning(s).
Load "H:\\Desktop\\Github\\ee3171\\labs\\lab4\\C_Start\\rvmdk\\project.axf" 
Connecting: Mode=JTAG, Speed=1000000Hz
Erase Done.
Programming Done.
Verify OK.
Build target 'project'
compiling project.c...
project.c(113): error:  #65: expected a ";"
project.c(209): warning:  #111-D: statement is unreachable
After Build - User command #1: fromelf --bin --output .\rvmdk\project.bin .\rvmdk\project.axf
".\rvmdk\project.axf" - 1 Errors, 1 Warning(s).
Target not created
Build target 'project'
compiling project.c...
project.c(209): warning:  #111-D: statement is unreachable
linking...
Program Size: Code=1288 RO-data=32 RW-data=12 ZI-data=260  
After Build - User command #1: fromelf --bin --output .\rvmdk\project.bin .\rvmdk\project.axf
".\rvmdk\project.axf" - 0 Errors, 1 Warning(s).
Build target 'project'
compiling project.c...
project.c(211): warning:  #111-D: statement is unreachable
linking...
Program Size: Code=1288 RO-data=32 RW-data=12 ZI-data=260  
After Build - User command #1: fromelf --bin --output .\rvmdk\project.bin .\rvmdk\project.axf
".\rvmdk\project.axf" - 0 Errors, 1 Warning(s).
Build target 'project'
compiling project.c...
project.c(214): warning:  #111-D: statement is unreachable
project.c(233): warning:  #1-D: last line of file ends without a newline
project.c(233): error: At end of source:  #67: expected a "}"
After Build - User command #1: fromelf --bin --output .\rvmdk\project.bin .\rvmdk\project.axf
".\rvmdk\project.axf" - 1 Errors, 2 Warning(s).
Target not created
Build target 'project'
compiling project.c...
project.c(214): warning:  #111-D: statement is unreachable
project.c(234): warning:  #1-D: last line of file ends without a newline
linking...
Program Size: Code=1280 RO-data=32 RW-data=20 ZI-data=260  
After Build - User command #1: fromelf --bin --output .\rvmdk\project.bin .\rvmdk\project.axf
".\rvmdk\project.axf" - 0 Errors, 2 Warning(s).
Build target 'project'
compiling project.c...
project.c(214): warning:  #111-D: statement is unreachable
linking...
Program Size: Code=1280 RO-data=32 RW-data=20 ZI-data=260  
After Build - User command #1: fromelf --bin --output .\rvmdk\project.bin .\rvmdk\project.axf
".\rvmdk\project.axf" - 0 Errors, 1 Warning(s).
Build target 'project'
compiling project.c...
project.c(212): warning:  #111-D: statement is unreachable
linking...
Program Size: Code=1252 RO-data=32 RW-data=20 ZI-data=260  
After Build - User command #1: fromelf --bin --output .\rvmdk\project.bin .\rvmdk\project.axf
".\rvmdk\project.axf" - 0 Errors, 1 Warning(s).
Build target 'project'
compiling project.c...
project.c(142): warning:  #223-D: function "Delay" declared implicitly
project.c(212): warning:  #111-D: statement is unreachable
linking...
.\rvmdk\project.axf: Error: L6218E: Undefined symbol Delay (referred from project.o).
".\rvmdk\project.axf" - 1 Errors, 2 Warning(s).
Target not created
Build target 'project'
compiling project.c...
project.c(213): warning:  #111-D: statement is unreachable
linking...
Program Size: Code=1308 RO-data=32 RW-data=20 ZI-data=260  
After Build - User command #1: fromelf --bin --output .\rvmdk\project.bin .\rvmdk\project.axf
".\rvmdk\project.axf" - 0 Errors, 1 Warning(s).
Build target 'project'
compiling project.c...
project.c(175): warning:  #128-D: loop is not reachable
project.c(213): error:  #169: expected a declaration
project.c(214): error:  #169: expected a declaration
project.c(234): warning: At end of source:  #12-D: parsing restarts here after previous syntax error
After Build - User command #1: fromelf --bin --output .\rvmdk\project.bin .\rvmdk\project.axf
".\rvmdk\project.axf" - 2 Errors, 2 Warning(s).
Target not created
Build target 'project'
compiling project.c...
project.c(213): warning:  #111-D: statement is unreachable
linking...
Program Size: Code=1104 RO-data=32 RW-data=20 ZI-data=260  
After Build - User command #1: fromelf --bin --output .\rvmdk\project.bin .\rvmdk\project.axf
".\rvmdk\project.axf" - 0 Errors, 1 Warning(s).
Load "H:\\Desktop\\Github\\ee3171\\labs\\lab4\\C_Start\\rvmdk\\project.axf" 
Connecting: Mode=JTAG, Speed=1000000Hz
Erase Done.
Programming Done.
Verify OK.
Build target 'project'
compiling project.c...
project.c(214): warning:  #111-D: statement is unreachable
linking...
Program Size: Code=1108 RO-data=32 RW-data=20 ZI-data=260  
After Build - User command #1: fromelf --bin --output .\rvmdk\project.bin .\rvmdk\project.axf
".\rvmdk\project.axf" - 0 Errors, 1 Warning(s).
Load "H:\\Desktop\\Github\\ee3171\\labs\\lab4\\C_Start\\rvmdk\\project.axf" 
Connecting: Mode=JTAG, Speed=1000000Hz
Erase Done.
Programming Done.
Verify OK.
Build target 'project'
compiling project.c...
project.c(214): warning:  #111-D: statement is unreachable
linking...
Program Size: Code=1108 RO-data=32 RW-data=20 ZI-data=260  
After Build - User command #1: fromelf --bin --output .\rvmdk\project.bin .\rvmdk\project.axf
".\rvmdk\project.axf" - 0 Errors, 1 Warning(s).
Load "H:\\Desktop\\Github\\ee3171\\labs\\lab4\\C_Start\\rvmdk\\project.axf" 
Connecting: Mode=JTAG, Speed=1000000Hz
Erase Done.
Programming Done.
Verify OK.
Build target 'project'
compiling project.c...
project.c(214): warning:  #111-D: statement is unreachable
linking...
Program Size: Code=1108 RO-data=32 RW-data=20 ZI-data=260  
After Build - User command #1: fromelf --bin --output .\rvmdk\project.bin .\rvmdk\project.axf
".\rvmdk\project.axf" - 0 Errors, 1 Warning(s).
Load "H:\\Desktop\\Github\\ee3171\\labs\\lab4\\C_Start\\rvmdk\\project.axf" 
Connecting: Mode=JTAG, Speed=1000000Hz
Erase Done.
Programming Done.
Verify OK.
Build target 'project'
compiling project.c...
project.c(214): warning:  #111-D: statement is unreachable
linking...
Program Size: Code=1108 RO-data=32 RW-data=20 ZI-data=260  
After Build - User command #1: fromelf --bin --output .\rvmdk\project.bin .\rvmdk\project.axf
".\rvmdk\project.axf" - 0 Errors, 1 Warning(s).
Load "H:\\Desktop\\Github\\ee3171\\labs\\lab4\\C_Start\\rvmdk\\project.axf" 
Connecting: Mode=JTAG, Speed=1000000Hz
Erase Done.
Programming Done.
Verify OK.
Build target 'project'
compiling project.c...
project.c(214): warning:  #111-D: statement is unreachable
linking...
Program Size: Code=1108 RO-data=32 RW-data=20 ZI-data=260  
After Build - User command #1: fromelf --bin --output .\rvmdk\project.bin .\rvmdk\project.axf
".\rvmdk\project.axf" - 0 Errors, 1 Warning(s).
Load "H:\\Desktop\\Github\\ee3171\\labs\\lab4\\C_Start\\rvmdk\\project.axf" 
Connecting: Mode=JTAG, Speed=1000000Hz
Erase Done.
Programming Done.
Verify OK.
Build target 'project'
compiling project.c...
project.c(214): warning:  #111-D: statement is unreachable
linking...
Program Size: Code=1108 RO-data=32 RW-data=20 ZI-data=260  
After Build - User command #1: fromelf --bin --output .\rvmdk\project.bin .\rvmdk\project.axf
".\rvmdk\project.axf" - 0 Errors, 1 Warning(s).
Load "H:\\Desktop\\Github\\ee3171\\labs\\lab4\\C_Start\\rvmdk\\project.axf" 
Connecting: Mode=JTAG, Speed=1000000Hz
Erase Done.
Programming Done.
Verify OK.
Build target 'project'
compiling project.c...
project.c(214): warning:  #111-D: statement is unreachable
linking...
Program Size: Code=1108 RO-data=32 RW-data=20 ZI-data=260  
After Build - User command #1: fromelf --bin --output .\rvmdk\project.bin .\rvmdk\project.axf
".\rvmdk\project.axf" - 0 Errors, 1 Warning(s).
Load "H:\\Desktop\\Github\\ee3171\\labs\\lab4\\C_Start\\rvmdk\\project.axf" 
Connecting: Mode=JTAG, Speed=1000000Hz
Erase Done.
Programming Done.
Verify OK.
Build target 'project'
compiling project.c...
project.c(195): warning:  #111-D: statement is unreachable
linking...
Program Size: Code=1108 RO-data=32 RW-data=20 ZI-data=260  
After Build - User command #1: fromelf --bin --output .\rvmdk\project.bin .\rvmdk\project.axf
".\rvmdk\project.axf" - 0 Errors, 1 Warning(s).
Build target 'project'
linking...
Program Size: Code=1108 RO-data=32 RW-data=20 ZI-data=260  
After Build - User command #1: fromelf --bin --output .\rvmdk\project.bin .\rvmdk\project.axf
".\rvmdk\project.axf" - 0 Errors, 0 Warning(s).
Load "H:\\Desktop\\Github\\ee3171\\labs\\lab4\\C_Start\\rvmdk\\project.axf" 
Connecting: Mode=JTAG, Speed=1000000Hz
Erase Done.
Programming Done.
Verify OK.
Build target 'project'
compiling project.c...
project.c(195): warning:  #111-D: statement is unreachable
linking...
Program Size: Code=1108 RO-data=32 RW-data=20 ZI-data=260  
After Build - User command #1: fromelf --bin --output .\rvmdk\project.bin .\rvmdk\project.axf
".\rvmdk\project.axf" - 0 Errors, 1 Warning(s).
Load "H:\\Desktop\\Github\\ee3171\\labs\\lab4\\C_Start\\rvmdk\\project.axf" 
Connecting: Mode=JTAG, Speed=1000000Hz
Erase Done.
Programming Done.
Verify OK.
Build target 'project'
compiling project.c...
project.c(195): warning:  #111-D: statement is unreachable
linking...
Program Size: Code=1108 RO-data=32 RW-data=20 ZI-data=260  
After Build - User command #1: fromelf --bin --output .\rvmdk\project.bin .\rvmdk\project.axf
".\rvmdk\project.axf" - 0 Errors, 1 Warning(s).
Load "H:\\Desktop\\Github\\ee3171\\labs\\lab4\\C_Start\\rvmdk\\project.axf" 
Connecting: Mode=JTAG, Speed=1000000Hz
Erase Done.
Programming Done.
Verify OK.
Build target 'project'
compiling project.c...
project.c(195): warning:  #111-D: statement is unreachable
linking...
Program Size: Code=1108 RO-data=32 RW-data=20 ZI-data=260  
After Build - User command #1: fromelf --bin --output .\rvmdk\project.bin .\rvmdk\project.axf
".\rvmdk\project.axf" - 0 Errors, 1 Warning(s).
Load "H:\\Desktop\\Github\\ee3171\\labs\\lab4\\C_Start\\rvmdk\\project.axf" 
Connecting: Mode=JTAG, Speed=1000000Hz
Erase Done.
Programming Done.
Verify OK.
Build target 'project'
compiling project.c...
project.c(195): warning:  #111-D: statement is unreachable
linking...
Program Size: Code=1108 RO-data=32 RW-data=20 ZI-data=260  
After Build - User command #1: fromelf --bin --output .\rvmdk\project.bin .\rvmdk\project.axf
".\rvmdk\project.axf" - 0 Errors, 1 Warning(s).
Load "H:\\Desktop\\Github\\ee3171\\labs\\lab4\\C_Start\\rvmdk\\project.axf" 
Connecting: Mode=JTAG, Speed=1000000Hz
Erase Done.
Programming Done.
Verify OK.
Build target 'project'
compiling project.c...
project.c(195): warning:  #111-D: statement is unreachable
linking...
Program Size: Code=1108 RO-data=32 RW-data=20 ZI-data=260  
After Build - User command #1: fromelf --bin --output .\rvmdk\project.bin .\rvmdk\project.axf
".\rvmdk\project.axf" - 0 Errors, 1 Warning(s).
Load "H:\\Desktop\\Github\\ee3171\\labs\\lab4\\C_Start\\rvmdk\\project.axf" 
Connecting: Mode=JTAG, Speed=1000000Hz
Erase Done.
Programming Done.
Verify OK.
Build target 'project'
compiling project.c...
project.c(195): warning:  #111-D: statement is unreachable
linking...
Program Size: Code=1108 RO-data=32 RW-data=20 ZI-data=260  
After Build - User command #1: fromelf --bin --output .\rvmdk\project.bin .\rvmdk\project.axf
".\rvmdk\project.axf" - 0 Errors, 1 Warning(s).
Load "H:\\Desktop\\Github\\ee3171\\labs\\lab4\\C_Start\\rvmdk\\project.axf" 
Connecting: Mode=JTAG, Speed=1000000Hz
Erase Done.
Programming Done.
Verify OK.
Build target 'project'
compiling project.c...
project.c(195): warning:  #111-D: statement is unreachable
linking...
Program Size: Code=1108 RO-data=32 RW-data=20 ZI-data=260  
After Build - User command #1: fromelf --bin --output .\rvmdk\project.bin .\rvmdk\project.axf
".\rvmdk\project.axf" - 0 Errors, 1 Warning(s).
Load "H:\\Desktop\\Github\\ee3171\\labs\\lab4\\C_Start\\rvmdk\\project.axf" 
Connecting: Mode=JTAG, Speed=1000000Hz
Erase Done.
Programming Done.
Verify OK.
Build target 'project'
compiling project.c...
project.c(195): warning:  #111-D: statement is unreachable
linking...
Program Size: Code=1108 RO-data=32 RW-data=20 ZI-data=260  
After Build - User command #1: fromelf --bin --output .\rvmdk\project.bin .\rvmdk\project.axf
".\rvmdk\project.axf" - 0 Errors, 1 Warning(s).
Load "H:\\Desktop\\Github\\ee3171\\labs\\lab4\\C_Start\\rvmdk\\project.axf" 
Connecting: Mode=JTAG, Speed=1000000Hz
Erase Done.
Programming Done.
Verify OK.
Build target 'project'
compiling project.c...
project.c(195): warning:  #111-D: statement is unreachable
linking...
Program Size: Code=1108 RO-data=32 RW-data=20 ZI-data=260  
After Build - User command #1: fromelf --bin --output .\rvmdk\project.bin .\rvmdk\project.axf
".\rvmdk\project.axf" - 0 Errors, 1 Warning(s).
Load "H:\\Desktop\\Github\\ee3171\\labs\\lab4\\C_Start\\rvmdk\\project.axf" 
Connecting: Mode=JTAG, Speed=1000000Hz
Erase Done.
Programming Done.
Verify OK.
