<html>
<body>
<pre>
<h1>µVision Build Log</h1>
<h2>Project:</h2>
H:\Desktop\Github\ee3171\labs\lab2\lab2.uvproj
Project File Date:  02/12/2018

<h2>Output:</h2>
Build target 'Target 1'
assembling main.s...
linking...
Program Size: Code=436 RO-data=620 RW-data=0 ZI-data=512  
".\lab2.axf" - 0 Errors, 0 Warning(s).
Build target 'Target 1'
linking...
Program Size: Code=436 RO-data=620 RW-data=0 ZI-data=512  
".\lab2.axf" - 0 Errors, 0 Warning(s).
Load "H:\\Desktop\\Github\\ee3171\\labs\\lab2\\lab2.axf" 
Connecting: Mode=JTAG, Speed=1000000Hz
Erase Done.
Programming Done.
Verify OK.
