<html>
<body>
<pre>
<h1>µVision Build Log</h1>
<h2>Project:</h2>
\\homedir.mtu.edu\home\Desktop\Github\ee3171\labs\lab2\lab2.uvproj
Project File Date:  02/12/2018

<h2>Output:</h2>
Build target 'Target 1'
assembling main.s...
assembling startup_TM4C123.s...
linking...
Program Size: Code=464 RO-data=620 RW-data=0 ZI-data=512  
".\lab2.axf" - 0 Errors, 0 Warning(s).
Build target 'Target 1'
assembling main.s...
main.s(15): error: A1516E: Bad symbol 'SYSTEM_CLOCK_FREQUENCY', not defined or external
main.s(37): error: A1516E: Bad symbol 'DELAY_VALUE', not defined or external
assembling startup_TM4C123.s...
".\lab2.axf" - 2 Errors, 0 Warning(s).
Target not created
Build target 'Target 1'
assembling main.s...
main.s(35): error: A1152E: Unexpected operator
".\lab2.axf" - 1 Errors, 0 Warning(s).
Target not created
Build target 'Target 1'
assembling main.s...
main.s(35): error: A1152E: Unexpected operator
".\lab2.axf" - 1 Errors, 0 Warning(s).
Target not created
Build target 'Target 1'
assembling main.s...
main.s(35): error: A1871E: Immediate 0x00030D40 cannot be represented by 0-255 shifted left by 0-23 or duplicated in all, odd or even bytes
".\lab2.axf" - 1 Errors, 0 Warning(s).
Target not created
Build target 'Target 1'
assembling main.s...
main.s(35): error: A1871E: Immediate 0x00030D40 cannot be represented by 0-255 shifted left by 0-23 or duplicated in all, odd or even bytes
".\lab2.axf" - 1 Errors, 0 Warning(s).
Target not created
Build target 'Target 1'
assembling main.s...
main.s(35): error: A1152E: Unexpected operator
".\lab2.axf" - 1 Errors, 0 Warning(s).
Target not created
Build target 'Target 1'
assembling main.s...
main.s(35): error: A1871E: Immediate 0x00030D40 cannot be represented by 0-255 shifted left by 0-23 or duplicated in all, odd or even bytes
".\lab2.axf" - 1 Errors, 0 Warning(s).
Target not created
Build target 'Target 1'
assembling main.s...
main.s(35): warning: A1865W: '#' not seen before constant expression
main.s(35): error: A1871E: Immediate 0x00030D40 cannot be represented by 0-255 shifted left by 0-23 or duplicated in all, odd or even bytes
".\lab2.axf" - 1 Errors, 1 Warning(s).
Target not created
Build target 'Target 1'
assembling main.s...
main.s(35): error: A1871E: Immediate 0x00030D40 cannot be represented by 0-255 shifted left by 0-23 or duplicated in all, odd or even bytes
".\lab2.axf" - 1 Errors, 0 Warning(s).
Target not created
Build target 'Target 1'
assembling main.s...
main.s(40): error: A1871E: Immediate 0x00030D40 cannot be represented by 0-255 shifted left by 0-23 or duplicated in all, odd or even bytes
".\lab2.axf" - 1 Errors, 0 Warning(s).
Target not created
Build target 'Target 1'
assembling main.s...
main.s(40): error: A1152E: Unexpected operator
".\lab2.axf" - 1 Errors, 0 Warning(s).
Target not created
Build target 'Target 1'
assembling main.s...
linking...
Program Size: Code=484 RO-data=620 RW-data=0 ZI-data=512  
".\lab2.axf" - 0 Errors, 0 Warning(s).
Load "\\\\homedir.mtu.edu\\home\\Desktop\\Github\\ee3171\\labs\\lab2\\lab2.axf" 
Connecting: Mode=JTAG, Speed=1000000Hz
Connection failed!, error code=&d
Load "\\\\homedir.mtu.edu\\home\\Desktop\\Github\\ee3171\\labs\\lab2\\lab2.axf" 
Connecting: Mode=JTAG, Speed=1000000Hz
Connection failed!, error code=&d
Load "\\\\homedir.mtu.edu\\home\\Desktop\\Github\\ee3171\\labs\\lab2\\lab2.axf" 
Connecting: Mode=JTAG, Speed=1000000Hz
Connection failed!, error code=&d
Load "\\\\homedir.mtu.edu\\home\\Desktop\\Github\\ee3171\\labs\\lab2\\lab2.axf" 
Connecting: Mode=SWD, Speed=1000000Hz
Connection failed!, error code=&d
Load "\\\\homedir.mtu.edu\\home\\Desktop\\Github\\ee3171\\labs\\lab2\\lab2.axf" 
Connecting: Mode=JTAG, Speed=1000000Hz
Connection failed!, error code=&d
Build target 'Target 1'
assembling main.s...
linking...
Program Size: Code=484 RO-data=620 RW-data=0 ZI-data=512  
".\lab2.axf" - 0 Errors, 0 Warning(s).
Load "\\\\homedir.mtu.edu\\home\\Desktop\\Github\\ee3171\\labs\\lab2\\lab2.axf" 
Connecting: Mode=JTAG, Speed=1000000Hz
Connection failed!, error code=&d
Load "\\\\homedir.mtu.edu\\home\\Desktop\\Github\\ee3171\\labs\\lab2\\lab2.axf" 
Connecting: Mode=JTAG, Speed=1000000Hz
Connection failed!, error code=&d
Load "\\\\homedir.mtu.edu\\home\\Desktop\\Github\\ee3171\\labs\\lab2\\lab2.axf" 
Connecting: Mode=JTAG, Speed=1000000Hz
Connection failed!, error code=&d
Load "\\\\homedir.mtu.edu\\home\\Desktop\\Github\\ee3171\\labs\\lab2\\lab2.axf" 
Connecting: Mode=JTAG, Speed=1000000Hz
Connection failed!, error code=&d
Load "\\\\homedir.mtu.edu\\home\\Desktop\\Github\\ee3171\\labs\\lab2\\lab2.axf" 
Connecting: Mode=JTAG, Speed=1000000Hz
Connection failed!, error code=&d
Load "\\\\homedir.mtu.edu\\home\\Desktop\\Github\\ee3171\\labs\\lab2\\lab2.axf" 
Connecting: Mode=JTAG, Speed=1000000Hz
Connection failed!, error code=&d
Load "\\\\homedir.mtu.edu\\home\\Desktop\\Github\\ee3171\\labs\\lab2\\lab2.axf" 
Connecting: Mode=JTAG, Speed=1000000Hz
Connection failed!, error code=&d
Load "\\\\homedir.mtu.edu\\home\\Desktop\\Github\\ee3171\\labs\\lab2\\lab2.axf" 
Connecting: Mode=JTAG, Speed=1000000Hz
Connection failed!, error code=&d
Build target 'Target 1'
assembling main.s...
linking...
Program Size: Code=484 RO-data=620 RW-data=0 ZI-data=512  
".\lab2.axf" - 0 Errors, 0 Warning(s).
Load "\\\\homedir.mtu.edu\\home\\Desktop\\Github\\ee3171\\labs\\lab2\\lab2.axf" 
Connecting: Mode=JTAG, Speed=1000000Hz
Connection failed!, error code=&d
Load "\\\\homedir.mtu.edu\\home\\Desktop\\Github\\ee3171\\labs\\lab2\\lab2.axf" 
Connecting: Mode=JTAG, Speed=1000000Hz
Connection failed!, error code=&d
Load "\\\\homedir.mtu.edu\\home\\Desktop\\Github\\ee3171\\labs\\lab2\\lab2.axf" 
Connecting: Mode=JTAG, Speed=1000000Hz
Connection failed!, error code=&d
Load "\\\\homedir.mtu.edu\\home\\Desktop\\Github\\ee3171\\labs\\lab2\\lab2.axf" 
Connecting: Mode=JTAG, Speed=1000000Hz
Connection failed!, error code=&d
