<html>
<body>
<pre>
<h1>µVision Build Log</h1>
<h2>Project:</h2>
\\homedir.mtu.edu\home\Desktop\Github\ee3171\lab2\lab2libraryprojet\labLP.uvproj
Project File Date:  10/11/2017

<h2>Output:</h2>
Build target 'Target 1'
assembling startup_TM4C123.s...
assembling main.s...
linking...
Program Size: Code=440 RO-data=620 RW-data=0 ZI-data=512  
".\labLP.axf" - 0 Errors, 0 Warning(s).
Build target 'Target 1'
assembling startup_TM4C123.s...
assembling main.s...
linking...
Program Size: Code=440 RO-data=620 RW-data=0 ZI-data=512  
".\labLP.axf" - 0 Errors, 0 Warning(s).
Build target 'Target 1'
assembling main.s...
linking...
Program Size: Code=440 RO-data=620 RW-data=0 ZI-data=512  
".\labLP.axf" - 0 Errors, 0 Warning(s).
Build target 'Target 1'
assembling main.s...
..\main.s(10): error: A1516E: Bad symbol 'SYSTEM_CLOCK_FREQUNCY', not defined or external
..\main.s(31): error: A1516E: Bad symbol 'DELAY_VALUE', not defined or external
..\main.s(41): error: A1516E: Bad symbol 'DELAY_VALUE', not defined or external
".\labLP.axf" - 3 Errors, 0 Warning(s).
Target not created
Build target 'Target 1'
assembling main.s...
linking...
Program Size: Code=440 RO-data=620 RW-data=0 ZI-data=512  
".\labLP.axf" - 0 Errors, 0 Warning(s).
Load "\\\\homedir.mtu.edu\\home\\Desktop\\Github\\ee3171\\lab2\\lab2libraryprojet\\labLP.axf" 
Connecting: Mode=JTAG, Speed=1000000Hz
Connection failed!, error code=&d
