<html>
<body>
<pre>
<h1>µVision Build Log</h1>
<h2>Project:</h2>
C:\Users\astro\OneDrive\Documents\GitHub\ee3171\lab5\Lab5\Lab5part1.uvproj
Project File Date:  11/08/2017

<h2>Output:</h2>
Build target 'Target 1'
compiling main.c...
main.c(8): warning:  #47-D: incompatible redefinition of macro "GPIO_PORTB_DEN_R" (declared at line 12 of "LCD.h")
  #define GPIO_PORTB_DEN_R (*((volatile uint32_t *) 0x4000551C))
main.c(25): warning:  #1-D: last line of file ends without a newline
  }
main.c: 2 warnings, 0 errors
assembling startup_rvmdk.S...
linking...
Program Size: Code=2100 RO-data=36 RW-data=0 ZI-data=352  
".\Lab5.axf" - 0 Error(s), 2 Warning(s).
</pre>
</body>
</html>
