<html>
<body>
<pre>
<h1>µVision Build Log</h1>
<h2>Project:</h2>
C:\Users\eerc-827-lab\Desktop\lab2\lab2.uvproj
Project File Date:  09/20/2017

<h2>Output:</h2>
Rebuild target 'Target 1'
assembling startup_TM4C123.s...
assembling main.s...
linking...
Program Size: Code=412 RO-data=620 RW-data=0 ZI-data=512  
".\lab2.axf" - 0 Errors, 0 Warning(s).
Rebuild target 'Target 1'
assembling startup_TM4C123.s...
assembling main.s...
linking...
Program Size: Code=416 RO-data=620 RW-data=0 ZI-data=512  
".\lab2.axf" - 0 Errors, 0 Warning(s).
Rebuild target 'Target 1'
assembling startup_TM4C123.s...
assembling main.s...
linking...
Program Size: Code=416 RO-data=620 RW-data=0 ZI-data=512  
".\lab2.axf" - 0 Errors, 0 Warning(s).
Load "C:\\Users\\eerc-827-lab\\Desktop\\lab2\\lab2.axf" 
Connecting: Mode=JTAG, Speed=1000000Hz
Erase Done.
Programming Done.
Verify OK.
Rebuild target 'Target 1'
assembling startup_TM4C123.s...
assembling main.s...
linking...
Program Size: Code=456 RO-data=620 RW-data=0 ZI-data=512  
".\lab2.axf" - 0 Errors, 0 Warning(s).
Load "C:\\Users\\eerc-827-lab\\Desktop\\lab2\\lab2.axf" 
Connecting: Mode=JTAG, Speed=1000000Hz
Erase Done.
Programming Done.
Verify OK.
Rebuild target 'Target 1'
assembling startup_TM4C123.s...
assembling main.s...
linking...
Program Size: Code=456 RO-data=620 RW-data=0 ZI-data=512  
".\lab2.axf" - 0 Errors, 0 Warning(s).
Load "C:\\Users\\eerc-827-lab\\Desktop\\lab2\\lab2.axf" 
Connecting: Mode=JTAG, Speed=1000000Hz
Erase Done.
Programming Done.
Verify OK.
Rebuild target 'Target 1'
assembling startup_TM4C123.s...
assembling main.s...
linking...
Program Size: Code=424 RO-data=620 RW-data=0 ZI-data=512  
".\lab2.axf" - 0 Errors, 0 Warning(s).
Load "C:\\Users\\eerc-827-lab\\Desktop\\lab2\\lab2.axf" 
Connecting: Mode=JTAG, Speed=1000000Hz
Erase Done.
Programming Done.
Verify OK.
Rebuild target 'Target 1'
assembling startup_TM4C123.s...
assembling main.s...
main.s(27): error: A1152E: Unexpected operator
".\lab2.axf" - 1 Errors, 0 Warning(s).
Target not created
Rebuild target 'Target 1'
assembling startup_TM4C123.s...
assembling main.s...
linking...
Program Size: Code=424 RO-data=620 RW-data=0 ZI-data=512  
".\lab2.axf" - 0 Errors, 0 Warning(s).
Load "C:\\Users\\eerc-827-lab\\Desktop\\lab2\\lab2.axf" 
Connecting: Mode=JTAG, Speed=1000000Hz
Erase Done.
Programming Done.
Verify OK.
Rebuild target 'Target 1'
assembling startup_TM4C123.s...
assembling main.s...
linking...
Program Size: Code=424 RO-data=620 RW-data=0 ZI-data=512  
".\lab2.axf" - 0 Errors, 0 Warning(s).
Load "C:\\Users\\eerc-827-lab\\Desktop\\lab2\\lab2.axf" 
Connecting: Mode=JTAG, Speed=1000000Hz
Erase Done.
Programming Done.
Verify OK.
Rebuild target 'Target 1'
assembling startup_TM4C123.s...
assembling main.s...
linking...
Program Size: Code=436 RO-data=620 RW-data=0 ZI-data=512  
".\lab2.axf" - 0 Errors, 0 Warning(s).
Load "C:\\Users\\eerc-827-lab\\Desktop\\lab2\\lab2.axf" 
Connecting: Mode=JTAG, Speed=1000000Hz
Erase Done.
Programming Done.
Verify OK.
Rebuild target 'Target 1'
assembling startup_TM4C123.s...
assembling main.s...
linking...
Program Size: Code=444 RO-data=620 RW-data=0 ZI-data=512  
".\lab2.axf" - 0 Errors, 0 Warning(s).
Load "C:\\Users\\eerc-827-lab\\Desktop\\lab2\\lab2.axf" 
Connecting: Mode=JTAG, Speed=1000000Hz
Erase Done.
Programming Done.
Verify OK.
Rebuild target 'Target 1'
assembling startup_TM4C123.s...
assembling main.s...
main.s(32): error: A1871E: Immediate 0x004C4B40 cannot be represented by 0-255 shifted left by 0-23 or duplicated in all, odd or even bytes
".\lab2.axf" - 1 Errors, 0 Warning(s).
Target not created
Rebuild target 'Target 1'
assembling startup_TM4C123.s...
assembling main.s...
main.s(32): error: A1871E: Immediate 0x004C4B40 cannot be represented by 0-255 shifted left by 0-23 or duplicated in all, odd or even bytes
".\lab2.axf" - 1 Errors, 0 Warning(s).
Target not created
Rebuild target 'Target 1'
assembling startup_TM4C123.s...
assembling main.s...
main.s(32): error: A1871E: Immediate 0x00002710 cannot be represented by 0-255 shifted left by 0-23 or duplicated in all, odd or even bytes
".\lab2.axf" - 1 Errors, 0 Warning(s).
Target not created
Rebuild target 'Target 1'
assembling startup_TM4C123.s...
assembling main.s...
linking...
Program Size: Code=444 RO-data=620 RW-data=0 ZI-data=512  
".\lab2.axf" - 0 Errors, 0 Warning(s).
Rebuild target 'Target 1'
assembling startup_TM4C123.s...
assembling main.s...
linking...
Program Size: Code=440 RO-data=620 RW-data=0 ZI-data=512  
".\lab2.axf" - 0 Errors, 0 Warning(s).
Load "C:\\Users\\eerc-827-lab\\Desktop\\lab2\\lab2.axf" 
Connecting: Mode=JTAG, Speed=1000000Hz
Erase Done.
Programming Done.
Verify OK.
Rebuild target 'Target 1'
assembling startup_TM4C123.s...
assembling main.s...
linking...
Program Size: Code=440 RO-data=620 RW-data=0 ZI-data=512  
".\lab2.axf" - 0 Errors, 0 Warning(s).
Load "C:\\Users\\eerc-827-lab\\Desktop\\lab2\\lab2.axf" 
Connecting: Mode=JTAG, Speed=1000000Hz
Erase Done.
Programming Done.
Verify OK.
