ARM Linker, 5.03 [Build 76] [MDK-ARM Lite]

==============================================================================

Section Cross References

    project.o(i.LCD) refers to project.o(i.LCDWriteCommand) for LCDWriteCommand
    project.o(i.LCD) refers to project.o(i.LCDPrint) for LCDPrint
    project.o(i.LCD) refers to project.o(i.LCDWriteData) for LCDWriteData
    project.o(i.LCD) refers to project.o(.data) for .data
    project.o(i.LCDClear) refers to project.o(i.LCDWriteCommand) for LCDWriteCommand
    project.o(i.LCDInit) refers to project.o(i.SleepMS) for SleepMS
    project.o(i.LCDInit) refers to project.o(i.LCDWriteNibble) for LCDWriteNibble
    project.o(i.LCDInit) refers to project.o(i.LCDWriteCommand) for LCDWriteCommand
    project.o(i.LCDPrint) refers to project.o(i.LCDWriteCommand) for LCDWriteCommand
    project.o(i.LCDPrint) refers to project.o(i.LCDWriteData) for LCDWriteData
    project.o(i.LCDWriteCommand) refers to project.o(i.LCDWriteNibble) for LCDWriteNibble
    project.o(i.LCDWriteCommand) refers to project.o(i.SleepMS) for SleepMS
    project.o(i.LCDWriteData) refers to project.o(i.LCDWriteNibble) for LCDWriteNibble
    project.o(i.LCDWriteData) refers to project.o(i.SleepMS) for SleepMS
    project.o(i.LCDWriteNibble) refers to project.o(i.SSI2Write) for SSI2Write
    project.o(i.LCDWriteNibble) refers to project.o(i.SleepMS) for SleepMS
    project.o(i.Thermometer) refers to adc.o(i.ADCProcessorTrigger) for ADCProcessorTrigger
    project.o(i.Thermometer) refers to adc.o(i.ADCIntStatus) for ADCIntStatus
    project.o(i.Thermometer) refers to adc.o(i.ADCSequenceDataGet) for ADCSequenceDataGet
    project.o(i.Thermometer) refers to dfltui.o(.text) for __aeabi_ui2d
    project.o(i.Thermometer) refers to ddiv.o(.text) for __aeabi_ddiv
    project.o(i.Thermometer) refers to dmul.o(.text) for __aeabi_dmul
    project.o(i.Thermometer) refers to dadd.o(.text) for __aeabi_dadd
    project.o(i.Thermometer) refers to dfixui.o(.text) for __aeabi_d2uiz
    project.o(i.Thermometer) refers to project.o(i.LCD) for LCD
    project.o(i.Thermometer) refers to project.o(.data) for .data
    project.o(i.TimerAISR) refers to timer.o(i.TimerIntClear) for TimerIntClear
    project.o(i.TimerAISR) refers to timer.o(i.TimerEnable) for TimerEnable
    project.o(i.TimerAISR) refers to project.o(i.Thermometer) for Thermometer
    project.o(i.TimerBISR) refers to timer.o(i.TimerIntClear) for TimerIntClear
    project.o(i.TimerBISR) refers to timer.o(i.TimerDisable) for TimerDisable
    project.o(i.main) refers to sysctl.o(i.SysCtlClockSet) for SysCtlClockSet
    project.o(i.main) refers to sysctl.o(i.SysCtlPeripheralEnable) for SysCtlPeripheralEnable
    project.o(i.main) refers to timer.o(i.TimerConfigure) for TimerConfigure
    project.o(i.main) refers to timer.o(i.TimerLoadSet) for TimerLoadSet
    project.o(i.main) refers to timer.o(i.TimerIntEnable) for TimerIntEnable
    project.o(i.main) refers to timer.o(i.TimerEnable) for TimerEnable
    project.o(i.main) refers to interrupt.o(i.IntEnable) for IntEnable
    project.o(i.main) refers to gpio.o(i.GPIOPinTypeADC) for GPIOPinTypeADC
    project.o(i.main) refers to adc.o(i.ADCSequenceConfigure) for ADCSequenceConfigure
    project.o(i.main) refers to adc.o(i.ADCSequenceStepConfigure) for ADCSequenceStepConfigure
    project.o(i.main) refers to adc.o(i.ADCSequenceEnable) for ADCSequenceEnable
    project.o(i.main) refers to interrupt.o(i.IntMasterEnable) for IntMasterEnable
    project.o(i.main) refers to project.o(i.LCDInit) for LCDInit
    project.o(i.main) refers to sysctl.o(.emb_text) for SysCtlDelay
    project.o(i.main) refers to timer.o(i.TimerValueGet) for TimerValueGet
    project.o(i.main) refers to project.o(.data) for .data
    startup_rvmdk.o(RESET) refers to startup_rvmdk.o(STACK) for StackMem
    startup_rvmdk.o(RESET) refers to project.o(i.TimerAISR) for TimerAISR
    startup_rvmdk.o(RESET) refers to project.o(i.TimerBISR) for TimerBISR
    startup_rvmdk.o(RESET) refers to entry.o(.ARM.Collect$$$$00000000) for __main
    adc.o(i.ADCIntRegister) refers to interrupt.o(i.IntRegister) for IntRegister
    adc.o(i.ADCIntRegister) refers to interrupt.o(i.IntEnable) for IntEnable
    adc.o(i.ADCIntUnregister) refers to interrupt.o(i.IntDisable) for IntDisable
    adc.o(i.ADCIntUnregister) refers to interrupt.o(i.IntUnregister) for IntUnregister
    adc.o(i.ADCSoftwareOversampleConfigure) refers to adc.o(.data) for .data
    adc.o(i.ADCSoftwareOversampleDataGet) refers to adc.o(.data) for .data
    adc.o(i.ADCSoftwareOversampleStepConfigure) refers to adc.o(.data) for .data
    gpio.o(i.GPIOIntRegister) refers to interrupt.o(i.IntRegister) for IntRegister
    gpio.o(i.GPIOIntRegister) refers to interrupt.o(i.IntEnable) for IntEnable
    gpio.o(i.GPIOIntRegister) refers to gpio.o(.constdata) for .constdata
    gpio.o(i.GPIOIntUnregister) refers to interrupt.o(i.IntDisable) for IntDisable
    gpio.o(i.GPIOIntUnregister) refers to interrupt.o(i.IntUnregister) for IntUnregister
    gpio.o(i.GPIOIntUnregister) refers to gpio.o(.constdata) for .constdata
    gpio.o(i.GPIOPinConfigure) refers to gpio.o(.constdata) for .constdata
    gpio.o(i.GPIOPinTypeADC) refers to gpio.o(i.GPIODirModeSet) for GPIODirModeSet
    gpio.o(i.GPIOPinTypeADC) refers to gpio.o(i.GPIOPadConfigSet) for GPIOPadConfigSet
    gpio.o(i.GPIOPinTypeCAN) refers to gpio.o(i.GPIODirModeSet) for GPIODirModeSet
    gpio.o(i.GPIOPinTypeCAN) refers to gpio.o(i.GPIOPadConfigSet) for GPIOPadConfigSet
    gpio.o(i.GPIOPinTypeCIR) refers to gpio.o(i.GPIODirModeSet) for GPIODirModeSet
    gpio.o(i.GPIOPinTypeCIR) refers to gpio.o(i.GPIOPadConfigSet) for GPIOPadConfigSet
    gpio.o(i.GPIOPinTypeComparator) refers to gpio.o(i.GPIODirModeSet) for GPIODirModeSet
    gpio.o(i.GPIOPinTypeComparator) refers to gpio.o(i.GPIOPadConfigSet) for GPIOPadConfigSet
    gpio.o(i.GPIOPinTypeEPI) refers to gpio.o(i.GPIODirModeSet) for GPIODirModeSet
    gpio.o(i.GPIOPinTypeEPI) refers to gpio.o(i.GPIOPadConfigSet) for GPIOPadConfigSet
    gpio.o(i.GPIOPinTypeEthernetLED) refers to gpio.o(i.GPIODirModeSet) for GPIODirModeSet
    gpio.o(i.GPIOPinTypeEthernetLED) refers to gpio.o(i.GPIOPadConfigSet) for GPIOPadConfigSet
    gpio.o(i.GPIOPinTypeEthernetMII) refers to gpio.o(i.GPIODirModeSet) for GPIODirModeSet
    gpio.o(i.GPIOPinTypeEthernetMII) refers to gpio.o(i.GPIOPadConfigSet) for GPIOPadConfigSet
    gpio.o(i.GPIOPinTypeGPIOInput) refers to gpio.o(i.GPIODirModeSet) for GPIODirModeSet
    gpio.o(i.GPIOPinTypeGPIOInput) refers to gpio.o(i.GPIOPadConfigSet) for GPIOPadConfigSet
    gpio.o(i.GPIOPinTypeGPIOOutput) refers to gpio.o(i.GPIOPadConfigSet) for GPIOPadConfigSet
    gpio.o(i.GPIOPinTypeGPIOOutput) refers to gpio.o(i.GPIODirModeSet) for GPIODirModeSet
    gpio.o(i.GPIOPinTypeGPIOOutputOD) refers to gpio.o(i.GPIOPadConfigSet) for GPIOPadConfigSet
    gpio.o(i.GPIOPinTypeGPIOOutputOD) refers to gpio.o(i.GPIODirModeSet) for GPIODirModeSet
    gpio.o(i.GPIOPinTypeI2C) refers to gpio.o(i.GPIODirModeSet) for GPIODirModeSet
    gpio.o(i.GPIOPinTypeI2C) refers to gpio.o(i.GPIOPadConfigSet) for GPIOPadConfigSet
    gpio.o(i.GPIOPinTypeI2CSCL) refers to gpio.o(i.GPIODirModeSet) for GPIODirModeSet
    gpio.o(i.GPIOPinTypeI2CSCL) refers to gpio.o(i.GPIOPadConfigSet) for GPIOPadConfigSet
    gpio.o(i.GPIOPinTypeKBColumn) refers to gpio.o(i.GPIODirModeSet) for GPIODirModeSet
    gpio.o(i.GPIOPinTypeKBColumn) refers to gpio.o(i.GPIOPadConfigSet) for GPIOPadConfigSet
    gpio.o(i.GPIOPinTypeKBRow) refers to gpio.o(i.GPIODirModeSet) for GPIODirModeSet
    gpio.o(i.GPIOPinTypeKBRow) refers to gpio.o(i.GPIOPadConfigSet) for GPIOPadConfigSet
    gpio.o(i.GPIOPinTypeLCD) refers to gpio.o(i.GPIODirModeSet) for GPIODirModeSet
    gpio.o(i.GPIOPinTypeLCD) refers to gpio.o(i.GPIOPadConfigSet) for GPIOPadConfigSet
    gpio.o(i.GPIOPinTypeLEDSeq) refers to gpio.o(i.GPIODirModeSet) for GPIODirModeSet
    gpio.o(i.GPIOPinTypeLEDSeq) refers to gpio.o(i.GPIOPadConfigSet) for GPIOPadConfigSet
    gpio.o(i.GPIOPinTypeLPC) refers to gpio.o(i.GPIODirModeSet) for GPIODirModeSet
    gpio.o(i.GPIOPinTypeLPC) refers to gpio.o(i.GPIOPadConfigSet) for GPIOPadConfigSet
    gpio.o(i.GPIOPinTypePECIRx) refers to gpio.o(i.GPIODirModeSet) for GPIODirModeSet
    gpio.o(i.GPIOPinTypePECIRx) refers to gpio.o(i.GPIOPadConfigSet) for GPIOPadConfigSet
    gpio.o(i.GPIOPinTypePECITx) refers to gpio.o(i.GPIODirModeSet) for GPIODirModeSet
    gpio.o(i.GPIOPinTypePECITx) refers to gpio.o(i.GPIOPadConfigSet) for GPIOPadConfigSet
    gpio.o(i.GPIOPinTypePWM) refers to gpio.o(i.GPIODirModeSet) for GPIODirModeSet
    gpio.o(i.GPIOPinTypePWM) refers to gpio.o(i.GPIOPadConfigSet) for GPIOPadConfigSet
    gpio.o(i.GPIOPinTypeQEI) refers to gpio.o(i.GPIODirModeSet) for GPIODirModeSet
    gpio.o(i.GPIOPinTypeQEI) refers to gpio.o(i.GPIOPadConfigSet) for GPIOPadConfigSet
    gpio.o(i.GPIOPinTypeSSI) refers to gpio.o(i.GPIODirModeSet) for GPIODirModeSet
    gpio.o(i.GPIOPinTypeSSI) refers to gpio.o(i.GPIOPadConfigSet) for GPIOPadConfigSet
    gpio.o(i.GPIOPinTypeTimer) refers to gpio.o(i.GPIODirModeSet) for GPIODirModeSet
    gpio.o(i.GPIOPinTypeTimer) refers to gpio.o(i.GPIOPadConfigSet) for GPIOPadConfigSet
    gpio.o(i.GPIOPinTypeUART) refers to gpio.o(i.GPIODirModeSet) for GPIODirModeSet
    gpio.o(i.GPIOPinTypeUART) refers to gpio.o(i.GPIOPadConfigSet) for GPIOPadConfigSet
    gpio.o(i.GPIOPinTypeUSBAnalog) refers to gpio.o(i.GPIODirModeSet) for GPIODirModeSet
    gpio.o(i.GPIOPinTypeUSBAnalog) refers to gpio.o(i.GPIOPadConfigSet) for GPIOPadConfigSet
    gpio.o(i.GPIOPinTypeUSBDigital) refers to gpio.o(i.GPIODirModeSet) for GPIODirModeSet
    gpio.o(i.GPIOPinTypeUSBDigital) refers to gpio.o(i.GPIOPadConfigSet) for GPIOPadConfigSet
    gpio.o(i.GPIOPinTypeWakeHigh) refers to gpio.o(i.GPIODirModeSet) for GPIODirModeSet
    gpio.o(i.GPIOPinTypeWakeHigh) refers to gpio.o(i.GPIOPadConfigSet) for GPIOPadConfigSet
    gpio.o(i.GPIOPinTypeWakeLow) refers to gpio.o(i.GPIODirModeSet) for GPIODirModeSet
    gpio.o(i.GPIOPinTypeWakeLow) refers to gpio.o(i.GPIOPadConfigSet) for GPIOPadConfigSet
    interrupt.o(i.IntDisable) refers to interrupt.o(.constdata) for .constdata
    interrupt.o(i.IntEnable) refers to interrupt.o(.constdata) for .constdata
    interrupt.o(i.IntIsEnabled) refers to interrupt.o(.constdata) for .constdata
    interrupt.o(i.IntMasterDisable) refers to cpu.o(.emb_text) for CPUcpsid
    interrupt.o(i.IntMasterEnable) refers to cpu.o(.emb_text) for CPUcpsie
    interrupt.o(i.IntPendClear) refers to interrupt.o(.constdata) for .constdata
    interrupt.o(i.IntPendSet) refers to interrupt.o(.constdata) for .constdata
    interrupt.o(i.IntPriorityGet) refers to interrupt.o(.constdata) for .constdata
    interrupt.o(i.IntPriorityGroupingGet) refers to interrupt.o(.constdata) for .constdata
    interrupt.o(i.IntPriorityGroupingSet) refers to interrupt.o(.constdata) for .constdata
    interrupt.o(i.IntPriorityMaskGet) refers to cpu.o(.emb_text) for CPUbasepriGet
    interrupt.o(i.IntPriorityMaskSet) refers to cpu.o(.emb_text) for CPUbasepriSet
    interrupt.o(i.IntPrioritySet) refers to interrupt.o(.constdata) for .constdata
    interrupt.o(i.IntRegister) refers to interrupt.o(vtable) for vtable
    interrupt.o(i.IntUnregister) refers to interrupt.o(i._IntDefaultHandler) for _IntDefaultHandler
    interrupt.o(i.IntUnregister) refers to interrupt.o(vtable) for vtable
    sysctl.o(i.SysCtlClockFreqSet) refers to sysctl.o(.constdata) for .constdata
    sysctl.o(i.SysCtlClockGet) refers to sysctl.o(.constdata) for .constdata
    sysctl.o(i.SysCtlClockSet) refers to sysctl.o(.emb_text) for SysCtlDelay
    sysctl.o(i.SysCtlDeepSleep) refers to cpu.o(.emb_text) for CPUwfi
    sysctl.o(i.SysCtlIntRegister) refers to interrupt.o(i.IntRegister) for IntRegister
    sysctl.o(i.SysCtlIntRegister) refers to interrupt.o(i.IntEnable) for IntEnable
    sysctl.o(i.SysCtlIntUnregister) refers to interrupt.o(i.IntDisable) for IntDisable
    sysctl.o(i.SysCtlIntUnregister) refers to interrupt.o(i.IntUnregister) for IntUnregister
    sysctl.o(i.SysCtlSleep) refers to cpu.o(.emb_text) for CPUwfi
    timer.o(i.TimerIntRegister) refers to interrupt.o(i.IntRegister) for IntRegister
    timer.o(i.TimerIntRegister) refers to interrupt.o(i.IntEnable) for IntEnable
    timer.o(i.TimerIntRegister) refers to timer.o(.constdata) for .constdata
    timer.o(i.TimerIntUnregister) refers to interrupt.o(i.IntDisable) for IntDisable
    timer.o(i.TimerIntUnregister) refers to interrupt.o(i.IntUnregister) for IntUnregister
    timer.o(i.TimerIntUnregister) refers to timer.o(.constdata) for .constdata
    entry.o(.ARM.Collect$$$$00000000) refers (Special) to entry10a.o(.ARM.Collect$$$$0000000D) for __rt_final_cpp
    entry.o(.ARM.Collect$$$$00000000) refers (Special) to entry11a.o(.ARM.Collect$$$$0000000F) for __rt_final_exit
    entry.o(.ARM.Collect$$$$00000000) refers (Special) to entry7b.o(.ARM.Collect$$$$00000008) for _main_clock
    entry.o(.ARM.Collect$$$$00000000) refers (Special) to entry8b.o(.ARM.Collect$$$$0000000A) for _main_cpp_init
    entry.o(.ARM.Collect$$$$00000000) refers (Special) to entry9a.o(.ARM.Collect$$$$0000000B) for _main_init
    entry.o(.ARM.Collect$$$$00000000) refers (Special) to entry5.o(.ARM.Collect$$$$00000004) for _main_scatterload
    entry.o(.ARM.Collect$$$$00000000) refers (Special) to entry2.o(.ARM.Collect$$$$00000001) for _main_stk
    dadd.o(.text) refers (Special) to iusefp.o(.text) for __I$use$fp
    dadd.o(.text) refers to llshl.o(.text) for __aeabi_llsl
    dadd.o(.text) refers to llsshr.o(.text) for __aeabi_lasr
    dadd.o(.text) refers to depilogue.o(.text) for _double_epilogue
    dmul.o(.text) refers (Special) to iusefp.o(.text) for __I$use$fp
    dmul.o(.text) refers to depilogue.o(.text) for _double_epilogue
    ddiv.o(.text) refers (Special) to iusefp.o(.text) for __I$use$fp
    ddiv.o(.text) refers to depilogue.o(.text) for _double_round
    dfltui.o(.text) refers (Special) to iusefp.o(.text) for __I$use$fp
    dfltui.o(.text) refers to depilogue.o(.text) for _double_epilogue
    dfixui.o(.text) refers (Special) to iusefp.o(.text) for __I$use$fp
    dfixui.o(.text) refers to llushr.o(.text) for __aeabi_llsr
    entry2.o(.ARM.Collect$$$$00000001) refers to entry2.o(.ARM.Collect$$$$00002712) for __lit__00000000
    entry2.o(.ARM.Collect$$$$00002712) refers to startup_rvmdk.o(STACK) for __initial_sp
    entry2.o(__vectab_stack_and_reset_area) refers to startup_rvmdk.o(STACK) for __initial_sp
    entry2.o(__vectab_stack_and_reset_area) refers to entry.o(.ARM.Collect$$$$00000000) for __main
    entry5.o(.ARM.Collect$$$$00000004) refers to init.o(.text) for __scatterload
    entry9a.o(.ARM.Collect$$$$0000000B) refers to project.o(i.main) for main
    entry9b.o(.ARM.Collect$$$$0000000C) refers to project.o(i.main) for main
    depilogue.o(.text) refers to llshl.o(.text) for __aeabi_llsl
    depilogue.o(.text) refers to llushr.o(.text) for __aeabi_llsr
    init.o(.text) refers to entry5.o(.ARM.Collect$$$$00000004) for __main_after_scatterload


==============================================================================

Removing Unused input sections from the image.

    Removing project.o(i.LCDClear), (6 bytes).
    Removing project.o(i.SleepUS), (34 bytes).
    Removing startup_rvmdk.o(HEAP), (0 bytes).
    Removing startup_rvmdk.o(.text), (0 bytes).
    Removing adc.o(i.ADCBusy), (8 bytes).
    Removing adc.o(i.ADCClockConfigGet), (24 bytes).
    Removing adc.o(i.ADCClockConfigSet), (28 bytes).
    Removing adc.o(i.ADCComparatorConfigure), (10 bytes).
    Removing adc.o(i.ADCComparatorIntClear), (4 bytes).
    Removing adc.o(i.ADCComparatorIntDisable), (18 bytes).
    Removing adc.o(i.ADCComparatorIntEnable), (16 bytes).
    Removing adc.o(i.ADCComparatorIntStatus), (4 bytes).
    Removing adc.o(i.ADCComparatorRegionSet), (14 bytes).
    Removing adc.o(i.ADCComparatorReset), (40 bytes).
    Removing adc.o(i.ADCHardwareOversampleConfigure), (14 bytes).
    Removing adc.o(i.ADCIntClear), (10 bytes).
    Removing adc.o(i.ADCIntClearEx), (8 bytes).
    Removing adc.o(i.ADCIntDisable), (16 bytes).
    Removing adc.o(i.ADCIntDisableEx), (10 bytes).
    Removing adc.o(i.ADCIntEnable), (16 bytes).
    Removing adc.o(i.ADCIntEnableEx), (8 bytes).
    Removing adc.o(i.ADCIntRegister), (92 bytes).
    Removing adc.o(i.ADCIntStatusEx), (22 bytes).
    Removing adc.o(i.ADCIntUnregister), (88 bytes).
    Removing adc.o(i.ADCPhaseDelayGet), (4 bytes).
    Removing adc.o(i.ADCPhaseDelaySet), (4 bytes).
    Removing adc.o(i.ADCReferenceGet), (8 bytes).
    Removing adc.o(i.ADCReferenceSet), (12 bytes).
    Removing adc.o(i.ADCSequenceDMADisable), (18 bytes).
    Removing adc.o(i.ADCSequenceDMAEnable), (16 bytes).
    Removing adc.o(i.ADCSequenceDisable), (16 bytes).
    Removing adc.o(i.ADCSequenceOverflow), (12 bytes).
    Removing adc.o(i.ADCSequenceOverflowClear), (10 bytes).
    Removing adc.o(i.ADCSequenceUnderflow), (12 bytes).
    Removing adc.o(i.ADCSequenceUnderflowClear), (10 bytes).
    Removing adc.o(i.ADCSoftwareOversampleConfigure), (24 bytes).
    Removing adc.o(i.ADCSoftwareOversampleDataGet), (72 bytes).
    Removing adc.o(i.ADCSoftwareOversampleStepConfigure), (148 bytes).
    Removing adc.o(.data), (3 bytes).
    Removing gpio.o(i.GPIOADCTriggerDisable), (14 bytes).
    Removing gpio.o(i.GPIOADCTriggerEnable), (14 bytes).
    Removing gpio.o(i.GPIODMATriggerDisable), (14 bytes).
    Removing gpio.o(i.GPIODMATriggerEnable), (14 bytes).
    Removing gpio.o(i.GPIODirModeGet), (34 bytes).
    Removing gpio.o(i.GPIOIntClear), (6 bytes).
    Removing gpio.o(i.GPIOIntDisable), (14 bytes).
    Removing gpio.o(i.GPIOIntEnable), (14 bytes).
    Removing gpio.o(i.GPIOIntRegister), (88 bytes).
    Removing gpio.o(i.GPIOIntStatus), (14 bytes).
    Removing gpio.o(i.GPIOIntTypeGet), (68 bytes).
    Removing gpio.o(i.GPIOIntTypeSet), (80 bytes).
    Removing gpio.o(i.GPIOIntUnregister), (88 bytes).
    Removing gpio.o(i.GPIOPadConfigGet), (204 bytes).
    Removing gpio.o(i.GPIOPinConfigure), (72 bytes).
    Removing gpio.o(i.GPIOPinRead), (6 bytes).
    Removing gpio.o(i.GPIOPinTypeCAN), (28 bytes).
    Removing gpio.o(i.GPIOPinTypeCIR), (28 bytes).
    Removing gpio.o(i.GPIOPinTypeComparator), (28 bytes).
    Removing gpio.o(i.GPIOPinTypeEPI), (28 bytes).
    Removing gpio.o(i.GPIOPinTypeEthernetLED), (28 bytes).
    Removing gpio.o(i.GPIOPinTypeEthernetMII), (28 bytes).
    Removing gpio.o(i.GPIOPinTypeGPIOInput), (28 bytes).
    Removing gpio.o(i.GPIOPinTypeGPIOOutput), (28 bytes).
    Removing gpio.o(i.GPIOPinTypeGPIOOutputOD), (28 bytes).
    Removing gpio.o(i.GPIOPinTypeI2C), (28 bytes).
    Removing gpio.o(i.GPIOPinTypeI2CSCL), (28 bytes).
    Removing gpio.o(i.GPIOPinTypeKBColumn), (28 bytes).
    Removing gpio.o(i.GPIOPinTypeKBRow), (28 bytes).
    Removing gpio.o(i.GPIOPinTypeLCD), (28 bytes).
    Removing gpio.o(i.GPIOPinTypeLEDSeq), (28 bytes).
    Removing gpio.o(i.GPIOPinTypeLPC), (28 bytes).
    Removing gpio.o(i.GPIOPinTypePECIRx), (28 bytes).
    Removing gpio.o(i.GPIOPinTypePECITx), (28 bytes).
    Removing gpio.o(i.GPIOPinTypePWM), (28 bytes).
    Removing gpio.o(i.GPIOPinTypeQEI), (28 bytes).
    Removing gpio.o(i.GPIOPinTypeSSI), (28 bytes).
    Removing gpio.o(i.GPIOPinTypeTimer), (28 bytes).
    Removing gpio.o(i.GPIOPinTypeUART), (28 bytes).
    Removing gpio.o(i.GPIOPinTypeUSBAnalog), (28 bytes).
    Removing gpio.o(i.GPIOPinTypeUSBDigital), (28 bytes).
    Removing gpio.o(i.GPIOPinTypeWakeHigh), (30 bytes).
    Removing gpio.o(i.GPIOPinTypeWakeLow), (30 bytes).
    Removing gpio.o(i.GPIOPinWakeStatus), (6 bytes).
    Removing gpio.o(i.GPIOPinWrite), (6 bytes).
    Removing gpio.o(.constdata), (528 bytes).
    Removing interrupt.o(i.IntDisable), (100 bytes).
    Removing interrupt.o(i.IntIsEnabled), (96 bytes).
    Removing interrupt.o(i.IntMasterDisable), (14 bytes).
    Removing interrupt.o(i.IntPendClear), (68 bytes).
    Removing interrupt.o(i.IntPendSet), (84 bytes).
    Removing interrupt.o(i.IntPriorityGet), (28 bytes).
    Removing interrupt.o(i.IntPriorityGroupingGet), (36 bytes).
    Removing interrupt.o(i.IntPriorityGroupingSet), (28 bytes).
    Removing interrupt.o(i.IntPriorityMaskGet), (4 bytes).
    Removing interrupt.o(i.IntPriorityMaskSet), (4 bytes).
    Removing interrupt.o(i.IntPrioritySet), (40 bytes).
    Removing interrupt.o(i.IntRegister), (52 bytes).
    Removing interrupt.o(i.IntTrigger), (12 bytes).
    Removing interrupt.o(i.IntUnregister), (20 bytes).
    Removing interrupt.o(i._IntDefaultHandler), (2 bytes).
    Removing interrupt.o(vtable), (620 bytes).
    Removing sysctl.o(i.SysCtlAltClkConfig), (12 bytes).
    Removing sysctl.o(i.SysCtlClockFreqSet), (712 bytes).
    Removing sysctl.o(i.SysCtlClockGet), (356 bytes).
    Removing sysctl.o(i.SysCtlClockOutConfig), (16 bytes).
    Removing sysctl.o(i.SysCtlDeepSleep), (32 bytes).
    Removing sysctl.o(i.SysCtlDeepSleepClockConfigSet), (112 bytes).
    Removing sysctl.o(i.SysCtlDeepSleepClockSet), (12 bytes).
    Removing sysctl.o(i.SysCtlDeepSleepPowerSet), (12 bytes).
    Removing sysctl.o(i.SysCtlFlashSectorSizeGet), (56 bytes).
    Removing sysctl.o(i.SysCtlFlashSizeGet), (56 bytes).
    Removing sysctl.o(i.SysCtlGPIOAHBDisable), (28 bytes).
    Removing sysctl.o(i.SysCtlGPIOAHBEnable), (24 bytes).
    Removing sysctl.o(i.SysCtlIntClear), (12 bytes).
    Removing sysctl.o(i.SysCtlIntDisable), (16 bytes).
    Removing sysctl.o(i.SysCtlIntEnable), (16 bytes).
    Removing sysctl.o(i.SysCtlIntRegister), (20 bytes).
    Removing sysctl.o(i.SysCtlIntStatus), (16 bytes).
    Removing sysctl.o(i.SysCtlIntUnregister), (18 bytes).
    Removing sysctl.o(i.SysCtlLDODeepSleepGet), (12 bytes).
    Removing sysctl.o(i.SysCtlLDODeepSleepSet), (12 bytes).
    Removing sysctl.o(i.SysCtlLDOSleepGet), (12 bytes).
    Removing sysctl.o(i.SysCtlLDOSleepSet), (12 bytes).
    Removing sysctl.o(i.SysCtlMOSCConfigSet), (12 bytes).
    Removing sysctl.o(i.SysCtlNMIClear), (16 bytes).
    Removing sysctl.o(i.SysCtlNMIStatus), (12 bytes).
    Removing sysctl.o(i.SysCtlPIOSCCalibrate), (76 bytes).
    Removing sysctl.o(i.SysCtlPWMClockGet), (24 bytes).
    Removing sysctl.o(i.SysCtlPWMClockSet), (20 bytes).
    Removing sysctl.o(i.SysCtlPeripheralClockGating), (68 bytes).
    Removing sysctl.o(i.SysCtlPeripheralDeepSleepDisable), (40 bytes).
    Removing sysctl.o(i.SysCtlPeripheralDeepSleepEnable), (40 bytes).
    Removing sysctl.o(i.SysCtlPeripheralDisable), (40 bytes).
    Removing sysctl.o(i.SysCtlPeripheralPowerOff), (40 bytes).
    Removing sysctl.o(i.SysCtlPeripheralPowerOn), (40 bytes).
    Removing sysctl.o(i.SysCtlPeripheralPresent), (44 bytes).
    Removing sysctl.o(i.SysCtlPeripheralReady), (44 bytes).
    Removing sysctl.o(i.SysCtlPeripheralReset), (60 bytes).
    Removing sysctl.o(i.SysCtlPeripheralSleepDisable), (40 bytes).
    Removing sysctl.o(i.SysCtlPeripheralSleepEnable), (40 bytes).
    Removing sysctl.o(i.SysCtlReset), (16 bytes).
    Removing sysctl.o(i.SysCtlResetBehaviorGet), (12 bytes).
    Removing sysctl.o(i.SysCtlResetBehaviorSet), (12 bytes).
    Removing sysctl.o(i.SysCtlResetCauseClear), (16 bytes).
    Removing sysctl.o(i.SysCtlResetCauseGet), (12 bytes).
    Removing sysctl.o(i.SysCtlSRAMSizeGet), (16 bytes).
    Removing sysctl.o(i.SysCtlSleep), (4 bytes).
    Removing sysctl.o(i.SysCtlSleepPowerSet), (12 bytes).
    Removing sysctl.o(i.SysCtlUSBPLLDisable), (16 bytes).
    Removing sysctl.o(i.SysCtlUSBPLLEnable), (16 bytes).
    Removing sysctl.o(i.SysCtlVoltageEventClear), (16 bytes).
    Removing sysctl.o(i.SysCtlVoltageEventConfig), (12 bytes).
    Removing sysctl.o(i.SysCtlVoltageEventStatus), (12 bytes).
    Removing sysctl.o(.constdata), (452 bytes).
    Removing timer.o(i.TimerADCEventGet), (4 bytes).
    Removing timer.o(i.TimerADCEventSet), (4 bytes).
    Removing timer.o(i.TimerClockSourceGet), (6 bytes).
    Removing timer.o(i.TimerClockSourceSet), (6 bytes).
    Removing timer.o(i.TimerControlEvent), (18 bytes).
    Removing timer.o(i.TimerControlLevel), (22 bytes).
    Removing timer.o(i.TimerControlStall), (22 bytes).
    Removing timer.o(i.TimerControlTrigger), (76 bytes).
    Removing timer.o(i.TimerControlWaitOnTrigger), (48 bytes).
    Removing timer.o(i.TimerDMAEventGet), (4 bytes).
    Removing timer.o(i.TimerDMAEventSet), (4 bytes).
    Removing timer.o(i.TimerIntDisable), (10 bytes).
    Removing timer.o(i.TimerIntRegister), (104 bytes).
    Removing timer.o(i.TimerIntStatus), (10 bytes).
    Removing timer.o(i.TimerIntUnregister), (104 bytes).
    Removing timer.o(i.TimerLoadGet), (10 bytes).
    Removing timer.o(i.TimerLoadGet64), (14 bytes).
    Removing timer.o(i.TimerLoadSet64), (6 bytes).
    Removing timer.o(i.TimerMatchGet), (10 bytes).
    Removing timer.o(i.TimerMatchGet64), (14 bytes).
    Removing timer.o(i.TimerMatchSet), (18 bytes).
    Removing timer.o(i.TimerMatchSet64), (6 bytes).
    Removing timer.o(i.TimerPrescaleGet), (10 bytes).
    Removing timer.o(i.TimerPrescaleMatchGet), (10 bytes).
    Removing timer.o(i.TimerPrescaleMatchSet), (18 bytes).
    Removing timer.o(i.TimerPrescaleSet), (18 bytes).
    Removing timer.o(i.TimerRTCDisable), (10 bytes).
    Removing timer.o(i.TimerRTCEnable), (10 bytes).
    Removing timer.o(i.TimerSynchronize), (4 bytes).
    Removing timer.o(i.TimerUpdateMode), (42 bytes).
    Removing timer.o(i.TimerValueGet64), (14 bytes).
    Removing timer.o(.constdata), (160 bytes).

186 unused section(s) (total 7781 bytes) removed from the image.

==============================================================================

Image Symbol Table

    Local Symbols

    Symbol Name                              Value     Ov Type        Size  Object(Section)

    RESET                                    0x00000000   Section      648  startup_rvmdk.o(RESET)
    ../clib/microlib/init/entry.s            0x00000000   Number         0  entry11a.o ABSOLUTE
    ../clib/microlib/init/entry.s            0x00000000   Number         0  entry10b.o ABSOLUTE
    ../clib/microlib/init/entry.s            0x00000000   Number         0  entry10a.o ABSOLUTE
    ../clib/microlib/init/entry.s            0x00000000   Number         0  entry9b.o ABSOLUTE
    ../clib/microlib/init/entry.s            0x00000000   Number         0  entry2.o ABSOLUTE
    ../clib/microlib/init/entry.s            0x00000000   Number         0  entry9a.o ABSOLUTE
    ../clib/microlib/init/entry.s            0x00000000   Number         0  entry8b.o ABSOLUTE
    ../clib/microlib/init/entry.s            0x00000000   Number         0  entry8a.o ABSOLUTE
    ../clib/microlib/init/entry.s            0x00000000   Number         0  entry7b.o ABSOLUTE
    ../clib/microlib/init/entry.s            0x00000000   Number         0  entry7a.o ABSOLUTE
    ../clib/microlib/init/entry.s            0x00000000   Number         0  entry11b.o ABSOLUTE
    ../clib/microlib/init/entry.s            0x00000000   Number         0  entry.o ABSOLUTE
    ../clib/microlib/init/entry.s            0x00000000   Number         0  entry5.o ABSOLUTE
    ../clib/microlib/longlong.c              0x00000000   Number         0  llushr.o ABSOLUTE
    ../clib/microlib/longlong.c              0x00000000   Number         0  llshl.o ABSOLUTE
    ../clib/microlib/longlong.c              0x00000000   Number         0  llsshr.o ABSOLUTE
    ../clib/microlib/stubs.s                 0x00000000   Number         0  iusefp.o ABSOLUTE
    ../fplib/microlib/fpadd.c                0x00000000   Number         0  dadd.o ABSOLUTE
    ../fplib/microlib/fpdiv.c                0x00000000   Number         0  ddiv.o ABSOLUTE
    ../fplib/microlib/fpepilogue.c           0x00000000   Number         0  depilogue.o ABSOLUTE
    ../fplib/microlib/fpfix.c                0x00000000   Number         0  dfixui.o ABSOLUTE
    ../fplib/microlib/fpflt.c                0x00000000   Number         0  dfltui.o ABSOLUTE
    ../fplib/microlib/fpmul.c                0x00000000   Number         0  dmul.o ABSOLUTE
    adc.c                                    0x00000000   Number         0  adc.o ABSOLUTE
    cpu.c                                    0x00000000   Number         0  cpu.o ABSOLUTE
    cpu.c                                    0x00000000   Number         0  cpu.o ABSOLUTE
    dc.s                                     0x00000000   Number         0  dc.o ABSOLUTE
    gpio.c                                   0x00000000   Number         0  gpio.o ABSOLUTE
    handlers.s                               0x00000000   Number         0  handlers.o ABSOLUTE
    init.s                                   0x00000000   Number         0  init.o ABSOLUTE
    interrupt.c                              0x00000000   Number         0  interrupt.o ABSOLUTE
    project.c                                0x00000000   Number         0  project.o ABSOLUTE
    startup_rvmdk.S                          0x00000000   Number         0  startup_rvmdk.o ABSOLUTE
    sysctl.c                                 0x00000000   Number         0  sysctl.o ABSOLUTE
    sysctl.c                                 0x00000000   Number         0  sysctl.o ABSOLUTE
    timer.c                                  0x00000000   Number         0  timer.o ABSOLUTE
    $v0                                      0x0000026c   Number         0  startup_rvmdk.o(RESET)
    NmiSR                                    0x00000281   Thumb Code     0  startup_rvmdk.o(RESET)
    FaultISR                                 0x00000283   Thumb Code     0  startup_rvmdk.o(RESET)
    IntDefaultHandler                        0x00000285   Thumb Code     0  startup_rvmdk.o(RESET)
    .ARM.Collect$$$$00000000                 0x00000288   Section        0  entry.o(.ARM.Collect$$$$00000000)
    .ARM.Collect$$$$00000001                 0x00000288   Section        4  entry2.o(.ARM.Collect$$$$00000001)
    .ARM.Collect$$$$00000004                 0x0000028c   Section        4  entry5.o(.ARM.Collect$$$$00000004)
    .ARM.Collect$$$$00000008                 0x00000290   Section        0  entry7b.o(.ARM.Collect$$$$00000008)
    .ARM.Collect$$$$0000000A                 0x00000290   Section        0  entry8b.o(.ARM.Collect$$$$0000000A)
    .ARM.Collect$$$$0000000B                 0x00000290   Section        8  entry9a.o(.ARM.Collect$$$$0000000B)
    .ARM.Collect$$$$0000000D                 0x00000298   Section        0  entry10a.o(.ARM.Collect$$$$0000000D)
    .ARM.Collect$$$$0000000F                 0x00000298   Section        0  entry11a.o(.ARM.Collect$$$$0000000F)
    .ARM.Collect$$$$00002712                 0x00000298   Section        4  entry2.o(.ARM.Collect$$$$00002712)
    __lit__00000000                          0x00000298   Data           4  entry2.o(.ARM.Collect$$$$00002712)
    .emb_text                                0x0000029c   Section        6  sysctl.o(.emb_text)
    $v0                                      0x0000029c   Number         0  sysctl.o(.emb_text)
    .emb_text                                0x000002a4   Section       38  cpu.o(.emb_text)
    $v0                                      0x000002a4   Number         0  cpu.o(.emb_text)
    .text                                    0x000002ca   Section        0  dadd.o(.text)
    .text                                    0x00000418   Section        0  dmul.o(.text)
    .text                                    0x000004fc   Section        0  ddiv.o(.text)
    .text                                    0x000005da   Section        0  dfltui.o(.text)
    .text                                    0x000005f4   Section        0  dfixui.o(.text)
    .text                                    0x00000626   Section        0  llshl.o(.text)
    .text                                    0x00000644   Section        0  llushr.o(.text)
    .text                                    0x00000664   Section        0  llsshr.o(.text)
    .text                                    0x00000688   Section        0  iusefp.o(.text)
    .text                                    0x00000688   Section        0  depilogue.o(.text)
    .text                                    0x00000748   Section       36  init.o(.text)
    i.ADCIntStatus                           0x0000076c   Section        0  adc.o(i.ADCIntStatus)
    i.ADCProcessorTrigger                    0x000007a0   Section        0  adc.o(i.ADCProcessorTrigger)
    i.ADCSequenceConfigure                   0x000007ba   Section        0  adc.o(i.ADCSequenceConfigure)
    i.ADCSequenceDataGet                     0x00000808   Section        0  adc.o(i.ADCSequenceDataGet)
    i.ADCSequenceEnable                      0x0000082c   Section        0  adc.o(i.ADCSequenceEnable)
    i.ADCSequenceStepConfigure               0x0000083a   Section        0  adc.o(i.ADCSequenceStepConfigure)
    i.GPIODirModeSet                         0x000008d4   Section        0  gpio.o(i.GPIODirModeSet)
    i.GPIOPadConfigSet                       0x000008fc   Section        0  gpio.o(i.GPIOPadConfigSet)
    i.GPIOPinTypeADC                         0x00000a36   Section        0  gpio.o(i.GPIOPinTypeADC)
    i.IntEnable                              0x00000a54   Section        0  interrupt.o(i.IntEnable)
    i.IntMasterEnable                        0x00000ab8   Section        0  interrupt.o(i.IntMasterEnable)
    i.LCD                                    0x00000ac8   Section        0  project.o(i.LCD)
    i.LCDInit                                0x00000afc   Section        0  project.o(i.LCDInit)
    i.LCDPrint                               0x00000c10   Section        0  project.o(i.LCDPrint)
    i.LCDWriteCommand                        0x00000c36   Section        0  project.o(i.LCDWriteCommand)
    i.LCDWriteData                           0x00000c60   Section        0  project.o(i.LCDWriteData)
    i.LCDWriteNibble                         0x00000c86   Section        0  project.o(i.LCDWriteNibble)
    i.SSI2Write                              0x00000cbc   Section        0  project.o(i.SSI2Write)
    i.SleepMS                                0x00000cec   Section        0  project.o(i.SleepMS)
    i.SysCtlClockSet                         0x00000d14   Section        0  sysctl.o(i.SysCtlClockSet)
    i.SysCtlPeripheralEnable                 0x00000e34   Section        0  sysctl.o(i.SysCtlPeripheralEnable)
    i.Thermometer                            0x00000e5c   Section        0  project.o(i.Thermometer)
    i.TimerAISR                              0x00000f20   Section        0  project.o(i.TimerAISR)
    i.TimerBISR                              0x00000f50   Section        0  project.o(i.TimerBISR)
    i.TimerConfigure                         0x00000f80   Section        0  timer.o(i.TimerConfigure)
    i.TimerDisable                           0x00000fe0   Section        0  timer.o(i.TimerDisable)
    i.TimerEnable                            0x00000ff0   Section        0  timer.o(i.TimerEnable)
    i.TimerIntClear                          0x00000ffe   Section        0  timer.o(i.TimerIntClear)
    i.TimerIntEnable                         0x00001002   Section        0  timer.o(i.TimerIntEnable)
    i.TimerLoadSet                           0x0000100a   Section        0  timer.o(i.TimerLoadSet)
    i.TimerValueGet                          0x0000101c   Section        0  timer.o(i.TimerValueGet)
    i.__scatterload_copy                     0x00001026   Section       14  handlers.o(i.__scatterload_copy)
    i.__scatterload_null                     0x00001034   Section        2  handlers.o(i.__scatterload_null)
    i.__scatterload_zeroinit                 0x00001036   Section       14  handlers.o(i.__scatterload_zeroinit)
    i.main                                   0x00001044   Section        0  project.o(i.main)
    .constdata                               0x0000113c   Section      268  interrupt.o(.constdata)
    g_pui32Priority                          0x0000113c   Data          32  interrupt.o(.constdata)
    g_pui32Regs                              0x0000115c   Data         156  interrupt.o(.constdata)
    g_pui32EnRegs                            0x000011f8   Data          20  interrupt.o(.constdata)
    g_pui32Dii16Regs                         0x0000120c   Data          20  interrupt.o(.constdata)
    g_pui32PendRegs                          0x00001220   Data          20  interrupt.o(.constdata)
    g_pui32UnpendRegs                        0x00001234   Data          20  interrupt.o(.constdata)
    .data                                    0x20000000   Section       16  project.o(.data)
    STACK                                    0x20000010   Section      256  startup_rvmdk.o(STACK)
    StackMem                                 0x20000010   Data           0  startup_rvmdk.o(STACK)

    Global Symbols

    Symbol Name                              Value     Ov Type        Size  Object(Section)

    BuildAttributes$$THM_ISAv4$E$P$D$K$B$S$7EM$VFPi3$EXTD16$VFPS$VFMA$PE$A:L22UL41UL21$X:L11$S22US41US21$IEEE1$IW$USESV6$~STKCKD$USESV7$~SHL$OTIME$ROPI$EBA8$MICROLIB$REQ8$PRES8$EABIv2 0x00000000   Number         0  anon$$obj.o ABSOLUTE
    __ARM_use_no_argv                        0x00000000   Number         0  project.o ABSOLUTE
    __Vectors                                0x00000000   Data           0  startup_rvmdk.o(RESET)
    __cpp_initialize__aeabi_                  - Undefined Weak Reference
    __cxa_finalize                            - Undefined Weak Reference
    __decompress                              - Undefined Weak Reference
    _clock_init                               - Undefined Weak Reference
    _microlib_exit                            - Undefined Weak Reference
    Reset_Handler                            0x0000026d   Thumb Code     0  startup_rvmdk.o(RESET)
    __main                                   0x00000289   Thumb Code     0  entry.o(.ARM.Collect$$$$00000000)
    _main_stk                                0x00000289   Thumb Code     0  entry2.o(.ARM.Collect$$$$00000001)
    _main_scatterload                        0x0000028d   Thumb Code     0  entry5.o(.ARM.Collect$$$$00000004)
    __main_after_scatterload                 0x00000291   Thumb Code     0  entry5.o(.ARM.Collect$$$$00000004)
    _main_clock                              0x00000291   Thumb Code     0  entry7b.o(.ARM.Collect$$$$00000008)
    _main_cpp_init                           0x00000291   Thumb Code     0  entry8b.o(.ARM.Collect$$$$0000000A)
    _main_init                               0x00000291   Thumb Code     0  entry9a.o(.ARM.Collect$$$$0000000B)
    __rt_final_cpp                           0x00000299   Thumb Code     0  entry10a.o(.ARM.Collect$$$$0000000D)
    __rt_final_exit                          0x00000299   Thumb Code     0  entry11a.o(.ARM.Collect$$$$0000000F)
    SysCtlDelay                              0x0000029d   Thumb Code     6  sysctl.o(.emb_text)
    CPUcpsid                                 0x000002a5   Thumb Code     8  cpu.o(.emb_text)
    CPUprimask                               0x000002ad   Thumb Code     6  cpu.o(.emb_text)
    CPUcpsie                                 0x000002b3   Thumb Code     8  cpu.o(.emb_text)
    CPUwfi                                   0x000002bb   Thumb Code     4  cpu.o(.emb_text)
    CPUbasepriSet                            0x000002bf   Thumb Code     6  cpu.o(.emb_text)
    CPUbasepriGet                            0x000002c5   Thumb Code     6  cpu.o(.emb_text)
    __aeabi_dadd                             0x000002cb   Thumb Code   322  dadd.o(.text)
    __aeabi_dsub                             0x0000040d   Thumb Code     6  dadd.o(.text)
    __aeabi_drsub                            0x00000413   Thumb Code     6  dadd.o(.text)
    __aeabi_dmul                             0x00000419   Thumb Code   228  dmul.o(.text)
    __aeabi_ddiv                             0x000004fd   Thumb Code   222  ddiv.o(.text)
    __aeabi_ui2d                             0x000005db   Thumb Code    26  dfltui.o(.text)
    __aeabi_d2uiz                            0x000005f5   Thumb Code    50  dfixui.o(.text)
    __aeabi_llsl                             0x00000627   Thumb Code    30  llshl.o(.text)
    _ll_shift_l                              0x00000627   Thumb Code     0  llshl.o(.text)
    __aeabi_llsr                             0x00000645   Thumb Code    32  llushr.o(.text)
    _ll_ushift_r                             0x00000645   Thumb Code     0  llushr.o(.text)
    __aeabi_lasr                             0x00000665   Thumb Code    36  llsshr.o(.text)
    _ll_sshift_r                             0x00000665   Thumb Code     0  llsshr.o(.text)
    __I$use$fp                               0x00000689   Thumb Code     0  iusefp.o(.text)
    _double_round                            0x00000689   Thumb Code    26  depilogue.o(.text)
    _double_epilogue                         0x000006a3   Thumb Code   164  depilogue.o(.text)
    __scatterload                            0x00000749   Thumb Code    28  init.o(.text)
    __scatterload_rt2                        0x00000749   Thumb Code     0  init.o(.text)
    ADCIntStatus                             0x0000076d   Thumb Code    52  adc.o(i.ADCIntStatus)
    ADCProcessorTrigger                      0x000007a1   Thumb Code    26  adc.o(i.ADCProcessorTrigger)
    ADCSequenceConfigure                     0x000007bb   Thumb Code    78  adc.o(i.ADCSequenceConfigure)
    ADCSequenceDataGet                       0x00000809   Thumb Code    36  adc.o(i.ADCSequenceDataGet)
    ADCSequenceEnable                        0x0000082d   Thumb Code    14  adc.o(i.ADCSequenceEnable)
    ADCSequenceStepConfigure                 0x0000083b   Thumb Code   154  adc.o(i.ADCSequenceStepConfigure)
    GPIODirModeSet                           0x000008d5   Thumb Code    40  gpio.o(i.GPIODirModeSet)
    GPIOPadConfigSet                         0x000008fd   Thumb Code   314  gpio.o(i.GPIOPadConfigSet)
    GPIOPinTypeADC                           0x00000a37   Thumb Code    28  gpio.o(i.GPIOPinTypeADC)
    IntEnable                                0x00000a55   Thumb Code    92  interrupt.o(i.IntEnable)
    IntMasterEnable                          0x00000ab9   Thumb Code    14  interrupt.o(i.IntMasterEnable)
    LCD                                      0x00000ac9   Thumb Code    34  project.o(i.LCD)
    LCDInit                                  0x00000afd   Thumb Code   238  project.o(i.LCDInit)
    LCDPrint                                 0x00000c11   Thumb Code    38  project.o(i.LCDPrint)
    LCDWriteCommand                          0x00000c37   Thumb Code    42  project.o(i.LCDWriteCommand)
    LCDWriteData                             0x00000c61   Thumb Code    38  project.o(i.LCDWriteData)
    LCDWriteNibble                           0x00000c87   Thumb Code    54  project.o(i.LCDWriteNibble)
    SSI2Write                                0x00000cbd   Thumb Code    38  project.o(i.SSI2Write)
    SleepMS                                  0x00000ced   Thumb Code    38  project.o(i.SleepMS)
    SysCtlClockSet                           0x00000d15   Thumb Code   270  sysctl.o(i.SysCtlClockSet)
    SysCtlPeripheralEnable                   0x00000e35   Thumb Code    36  sysctl.o(i.SysCtlPeripheralEnable)
    Thermometer                              0x00000e5d   Thumb Code   146  project.o(i.Thermometer)
    TimerAISR                                0x00000f21   Thumb Code    38  project.o(i.TimerAISR)
    TimerBISR                                0x00000f51   Thumb Code    38  project.o(i.TimerBISR)
    TimerConfigure                           0x00000f81   Thumb Code    88  timer.o(i.TimerConfigure)
    TimerDisable                             0x00000fe1   Thumb Code    16  timer.o(i.TimerDisable)
    TimerEnable                              0x00000ff1   Thumb Code    14  timer.o(i.TimerEnable)
    TimerIntClear                            0x00000fff   Thumb Code     4  timer.o(i.TimerIntClear)
    TimerIntEnable                           0x00001003   Thumb Code     8  timer.o(i.TimerIntEnable)
    TimerLoadSet                             0x0000100b   Thumb Code    18  timer.o(i.TimerLoadSet)
    TimerValueGet                            0x0000101d   Thumb Code    10  timer.o(i.TimerValueGet)
    __scatterload_copy                       0x00001027   Thumb Code    14  handlers.o(i.__scatterload_copy)
    __scatterload_null                       0x00001035   Thumb Code     2  handlers.o(i.__scatterload_null)
    __scatterload_zeroinit                   0x00001037   Thumb Code    14  handlers.o(i.__scatterload_zeroinit)
    main                                     0x00001045   Thumb Code   192  project.o(i.main)
    Region$$Table$$Base                      0x00001248   Number         0  anon$$obj.o(Region$$Table)
    Region$$Table$$Limit                     0x00001268   Number         0  anon$$obj.o(Region$$Table)
    stringDegrees1                           0x20000000   Data           1  project.o(.data)
    stringDegrees0                           0x20000001   Data           1  project.o(.data)
    thermValue                               0x20000004   Data           4  project.o(.data)
    degreesF                                 0x20000008   Data           4  project.o(.data)
    tempTimer                                0x2000000c   Data           4  project.o(.data)
    __initial_sp                             0x20000110   Data           0  startup_rvmdk.o(STACK)



==============================================================================

Memory Map of the image

  Image Entry point : 0x0000026d

  Load Region LR_IROM (Base: 0x00000000, Size: 0x00001278, Max: 0x00040000, ABSOLUTE)

    Execution Region ER_IROM (Base: 0x00000000, Size: 0x00001268, Max: 0x00040000, ABSOLUTE)

    Base Addr    Size         Type   Attr      Idx    E Section Name        Object

    0x00000000   0x00000288   Code   RO          135  * RESET               startup_rvmdk.o
    0x00000288   0x00000000   Code   RO         1430  * .ARM.Collect$$$$00000000  mc_w.l(entry.o)
    0x00000288   0x00000004   Code   RO         1443    .ARM.Collect$$$$00000001  mc_w.l(entry2.o)
    0x0000028c   0x00000004   Code   RO         1446    .ARM.Collect$$$$00000004  mc_w.l(entry5.o)
    0x00000290   0x00000000   Code   RO         1448    .ARM.Collect$$$$00000008  mc_w.l(entry7b.o)
    0x00000290   0x00000000   Code   RO         1450    .ARM.Collect$$$$0000000A  mc_w.l(entry8b.o)
    0x00000290   0x00000008   Code   RO         1451    .ARM.Collect$$$$0000000B  mc_w.l(entry9a.o)
    0x00000298   0x00000000   Code   RO         1453    .ARM.Collect$$$$0000000D  mc_w.l(entry10a.o)
    0x00000298   0x00000000   Code   RO         1455    .ARM.Collect$$$$0000000F  mc_w.l(entry11a.o)
    0x00000298   0x00000004   Code   RO         1444    .ARM.Collect$$$$00002712  mc_w.l(entry2.o)
    0x0000029c   0x00000006   Code   RO          836    .emb_text           driverlib.lib(sysctl.o)
    0x000002a2   0x00000002   PAD
    0x000002a4   0x00000026   Code   RO         1420    .emb_text           driverlib.lib(cpu.o)
    0x000002ca   0x0000014e   Code   RO         1433    .text               mf_w.l(dadd.o)
    0x00000418   0x000000e4   Code   RO         1435    .text               mf_w.l(dmul.o)
    0x000004fc   0x000000de   Code   RO         1437    .text               mf_w.l(ddiv.o)
    0x000005da   0x0000001a   Code   RO         1439    .text               mf_w.l(dfltui.o)
    0x000005f4   0x00000032   Code   RO         1441    .text               mf_w.l(dfixui.o)
    0x00000626   0x0000001e   Code   RO         1457    .text               mc_w.l(llshl.o)
    0x00000644   0x00000020   Code   RO         1459    .text               mc_w.l(llushr.o)
    0x00000664   0x00000024   Code   RO         1461    .text               mc_w.l(llsshr.o)
    0x00000688   0x00000000   Code   RO         1463    .text               mc_w.l(iusefp.o)
    0x00000688   0x000000be   Code   RO         1464    .text               mf_w.l(depilogue.o)
    0x00000746   0x00000002   PAD
    0x00000748   0x00000024   Code   RO         1466    .text               mc_w.l(init.o)
    0x0000076c   0x00000034   Code   RO          158    i.ADCIntStatus      driverlib.lib(adc.o)
    0x000007a0   0x0000001a   Code   RO          163    i.ADCProcessorTrigger  driverlib.lib(adc.o)
    0x000007ba   0x0000004e   Code   RO          166    i.ADCSequenceConfigure  driverlib.lib(adc.o)
    0x00000808   0x00000024   Code   RO          169    i.ADCSequenceDataGet  driverlib.lib(adc.o)
    0x0000082c   0x0000000e   Code   RO          171    i.ADCSequenceEnable  driverlib.lib(adc.o)
    0x0000083a   0x0000009a   Code   RO          174    i.ADCSequenceStepConfigure  driverlib.lib(adc.o)
    0x000008d4   0x00000028   Code   RO          423    i.GPIODirModeSet    driverlib.lib(gpio.o)
    0x000008fc   0x0000013a   Code   RO          433    i.GPIOPadConfigSet  driverlib.lib(gpio.o)
    0x00000a36   0x0000001c   Code   RO          436    i.GPIOPinTypeADC    driverlib.lib(gpio.o)
    0x00000a52   0x00000002   PAD
    0x00000a54   0x00000064   Code   RO          721    i.IntEnable         driverlib.lib(interrupt.o)
    0x00000ab8   0x0000000e   Code   RO          724    i.IntMasterEnable   driverlib.lib(interrupt.o)
    0x00000ac6   0x00000002   PAD
    0x00000ac8   0x00000034   Code   RO            1    i.LCD               project.o
    0x00000afc   0x00000114   Code   RO            3    i.LCDInit           project.o
    0x00000c10   0x00000026   Code   RO            4    i.LCDPrint          project.o
    0x00000c36   0x0000002a   Code   RO            5    i.LCDWriteCommand   project.o
    0x00000c60   0x00000026   Code   RO            6    i.LCDWriteData      project.o
    0x00000c86   0x00000036   Code   RO            7    i.LCDWriteNibble    project.o
    0x00000cbc   0x00000030   Code   RO            8    i.SSI2Write         project.o
    0x00000cec   0x00000026   Code   RO            9    i.SleepMS           project.o
    0x00000d12   0x00000002   PAD
    0x00000d14   0x00000120   Code   RO          841    i.SysCtlClockSet    driverlib.lib(sysctl.o)
    0x00000e34   0x00000028   Code   RO          870    i.SysCtlPeripheralEnable  driverlib.lib(sysctl.o)
    0x00000e5c   0x000000c4   Code   RO           11    i.Thermometer       project.o
    0x00000f20   0x00000030   Code   RO           12    i.TimerAISR         project.o
    0x00000f50   0x00000030   Code   RO           13    i.TimerBISR         project.o
    0x00000f80   0x00000060   Code   RO         1182    i.TimerConfigure    driverlib.lib(timer.o)
    0x00000fe0   0x00000010   Code   RO         1190    i.TimerDisable      driverlib.lib(timer.o)
    0x00000ff0   0x0000000e   Code   RO         1191    i.TimerEnable       driverlib.lib(timer.o)
    0x00000ffe   0x00000004   Code   RO         1192    i.TimerIntClear     driverlib.lib(timer.o)
    0x00001002   0x00000008   Code   RO         1194    i.TimerIntEnable    driverlib.lib(timer.o)
    0x0000100a   0x00000012   Code   RO         1200    i.TimerLoadSet      driverlib.lib(timer.o)
    0x0000101c   0x0000000a   Code   RO         1214    i.TimerValueGet     driverlib.lib(timer.o)
    0x00001026   0x0000000e   Code   RO         1470    i.__scatterload_copy  mc_w.l(handlers.o)
    0x00001034   0x00000002   Code   RO         1471    i.__scatterload_null  mc_w.l(handlers.o)
    0x00001036   0x0000000e   Code   RO         1472    i.__scatterload_zeroinit  mc_w.l(handlers.o)
    0x00001044   0x000000f8   Code   RO           14    i.main              project.o
    0x0000113c   0x0000010c   Data   RO          737    .constdata          driverlib.lib(interrupt.o)
    0x00001248   0x00000020   Data   RO         1468    Region$$Table       anon$$obj.o


    Execution Region RW_IRAM (Base: 0x20000000, Size: 0x00000110, Max: 0x00008000, ABSOLUTE)

    Base Addr    Size         Type   Attr      Idx    E Section Name        Object

    0x20000000   0x00000010   Data   RW           15    .data               project.o
    0x20000010   0x00000100   Zero   RW          133    STACK               startup_rvmdk.o


==============================================================================

Image component sizes


      Code (inc. data)   RO Data    RW Data    ZI Data      Debug   Object Name

      1126        192          0         16          0      12609   project.o
       648        622          0          0        256        232   startup_rvmdk.o

    ----------------------------------------------------------------------
      1776        814         32         16        256      12841   Object Totals
         0          0         32          0          0          0   (incl. Generated)
         2          0          0          0          0          0   (incl. Padding)

    ----------------------------------------------------------------------

      Code (inc. data)   RO Data    RW Data    ZI Data      Debug   Library Member Name

       360          0          0          0          0       6900   adc.o
        38          0          0          0          0        504   cpu.o
       382          0          0          0          0       1773   gpio.o
       114          8        268          0          0       1774   interrupt.o
       334         22          0          0          0       1550   sysctl.o
       166          8          0          0          0       3130   timer.o
         0          0          0          0          0          0   entry.o
         0          0          0          0          0          0   entry10a.o
         0          0          0          0          0          0   entry11a.o
         8          4          0          0          0          0   entry2.o
         4          0          0          0          0          0   entry5.o
         0          0          0          0          0          0   entry7b.o
         0          0          0          0          0          0   entry8b.o
         8          4          0          0          0          0   entry9a.o
        30          0          0          0          0          0   handlers.o
        36          8          0          0          0         68   init.o
         0          0          0          0          0          0   iusefp.o
        30          0          0          0          0         68   llshl.o
        36          0          0          0          0         68   llsshr.o
        32          0          0          0          0         68   llushr.o
       334          0          0          0          0        148   dadd.o
       222          0          0          0          0        100   ddiv.o
       190          0          0          0          0        176   depilogue.o
        50          0          0          0          0         76   dfixui.o
        26          0          0          0          0         76   dfltui.o
       228          0          0          0          0         96   dmul.o

    ----------------------------------------------------------------------
      2636         54        268          0          0      16575   Library Totals
         8          0          0          0          0          0   (incl. Padding)

    ----------------------------------------------------------------------

      Code (inc. data)   RO Data    RW Data    ZI Data      Debug   Library Name

      1394         38        268          0          0      15631   driverlib.lib
       184         16          0          0          0        272   mc_w.l
      1050          0          0          0          0        672   mf_w.l

    ----------------------------------------------------------------------
      2636         54        268          0          0      16575   Library Totals

    ----------------------------------------------------------------------

==============================================================================


      Code (inc. data)   RO Data    RW Data    ZI Data      Debug   

      4412        868        300         16        256      26200   Grand Totals
      4412        868        300         16        256      26200   ELF Image Totals
      4412        868        300         16          0          0   ROM Totals

==============================================================================

    Total RO  Size (Code + RO Data)                 4712 (   4.60kB)
    Total RW  Size (RW Data + ZI Data)               272 (   0.27kB)
    Total ROM Size (Code + RO Data + RW Data)       4728 (   4.62kB)

==============================================================================

