<html>
<body>
<pre>
<h1>µVision Build Log</h1>
<h2>Project:</h2>
C:\Users\astro\OneDrive\Documents\GitHub\ee3171\lab5\Lab5part2\Lab5part2.uvproj
Project File Date:  11/08/2017

<h2>Output:</h2>
Build target 'Target 1'
compiling main.c...
main.c(8): warning:  #47-D: incompatible redefinition of macro "GPIO_PORTB_DEN_R" (declared at line 12 of "LCD.h")
  #define GPIO_PORTB_DEN_R (*((volatile uint32_t *) 0x4000551C))
main.c: 1 warning, 0 errors
linking...
Program Size: Code=2164 RO-data=68 RW-data=8 ZI-data=352  
".\Lab5.axf" - 0 Error(s), 1 Warning(s).
</pre>
</body>
</html>
.c: 3 warnings, 0 errors
linking...
.\Lab5.axf: Error: L6218E: Undefined symbol LEDInit (referred from main.o).
Not enough information to list image symbols.
Finished: 1 information, 0 warning and 1 error messages.
".\Lab5.axf" - 1 Error(s), 3 Warning(s).
Target not created
